Copyright 1986-2019 Xilinx, Inc. All Rights Reserved.
----------------------------------------------------------------------------------------------
| Tool Version : Vivado v.2019.1 (win64) Build 2552052 Fri May 24 14:49:42 MDT 2019
| Date         : Sun Feb 16 20:55:17 2020
| Host         : DESKTOP-MDIICNE running 64-bit major release  (build 9200)
| Command      : report_control_sets -verbose -file zeabus_hydrophone_control_sets_placed.rpt
| Design       : zeabus_hydrophone
| Device       : xc7a15t
----------------------------------------------------------------------------------------------

Control Set Information

Table of Contents
-----------------
1. Summary
2. Histogram
3. Flip-Flop Distribution
4. Detailed Control Set Information

1. Summary
----------

+----------------------------------------------------------+-------+
|                          Status                          | Count |
+----------------------------------------------------------+-------+
| Total control sets                                       |    47 |
|    Minimum number of control sets                        |    47 |
|    Addition due to synthesis replication                 |     0 |
|    Addition due to physical synthesis replication        |     0 |
| Unused register locations in slices containing registers |   150 |
+----------------------------------------------------------+-------+
* Control sets can be merged at opt_design using control_set_merge or merge_equivalent_drivers
** Run report_qor_suggestions for automated merging and remapping suggestions


2. Histogram
------------

+--------------------+-------+
|       Fanout       | Count |
+--------------------+-------+
| Total control sets |    47 |
| >= 0 to < 4        |    10 |
| >= 4 to < 6        |     6 |
| >= 6 to < 8        |     1 |
| >= 8 to < 10       |     2 |
| >= 10 to < 12      |     2 |
| >= 12 to < 14      |     3 |
| >= 14 to < 16      |     2 |
| >= 16              |    21 |
+--------------------+-------+
* Control sets can be remapped at either synth_design or opt_design


3. Flip-Flop Distribution
-------------------------

+--------------+-----------------------+------------------------+-----------------+--------------+
| Clock Enable | Synchronous Set/Reset | Asynchronous Set/Reset | Total Registers | Total Slices |
+--------------+-----------------------+------------------------+-----------------+--------------+
| No           | No                    | No                     |             325 |           91 |
| No           | No                    | Yes                    |               0 |            0 |
| No           | Yes                   | No                     |             294 |           98 |
| Yes          | No                    | No                     |              60 |           20 |
| Yes          | No                    | Yes                    |               0 |            0 |
| Yes          | Yes                   | No                     |             339 |           95 |
+--------------+-----------------------+------------------------+-----------------+--------------+


4. Detailed Control Set Information
-----------------------------------

+------------------------------------+-----------------------------------------------------------------------------------------------------------+--------------------------------------------------------------------------------------------------------------------------------------+------------------+----------------+
|            Clock Signal            |                                               Enable Signal                                               |                                                           Set/Reset Signal                                                           | Slice Load Count | Bel Load Count |
+------------------------------------+-----------------------------------------------------------------------------------------------------------+--------------------------------------------------------------------------------------------------------------------------------------+------------------+----------------+
|  ifclk_out_OBUF                    | slave_fifo/SLRD_i_1_n_0                                                                                   | adc2/m_filter2/SR[0]                                                                                                                 |                1 |              1 |
|  ifclk_out_OBUF                    | slave_fifo/SLCS_i_1_n_0                                                                                   | adc2/m_filter2/SR[0]                                                                                                                 |                1 |              1 |
|  ifclk_out_OBUF                    | slave_fifo/SLWR_i_1_n_0                                                                                   | adc2/m_filter2/SR[0]                                                                                                                 |                1 |              1 |
|  ifclk_out_OBUF                    | slave_fifo/SLOE_i_1_n_0                                                                                   | adc2/m_filter2/SR[0]                                                                                                                 |                1 |              1 |
|  ifclk_out_OBUF                    | slave_fifo/PKTEND_i_1_n_0                                                                                 | adc2/m_filter2/SR[0]                                                                                                                 |                1 |              1 |
|  clk_64MHz_90                      |                                                                                                           |                                                                                                                                      |                2 |              2 |
|  slave_fifo/fifo_departure_i_2_n_0 |                                                                                                           | slave_fifo/fifo_departure/U0/inst_fifo_gen/gconvfifo.rf/grf.rf/rstblk/ngwrdrst.grst.g7serrst.gsckt_wrst.gic_rst.sckt_rd_rst_ic_reg_0 |                1 |              2 |
|  ifclk_out_OBUF                    |                                                                                                           | slave_fifo/fifo_arrival/U0/inst_fifo_gen/gconvfifo.rf/grf.rf/rstblk/SR[0]                                                            |                1 |              2 |
|  ifclk_out_OBUF                    |                                                                                                           | slave_fifo/fifo_arrival/U0/inst_fifo_gen/gconvfifo.rf/grf.rf/rstblk/ngwrdrst.grst.g7serrst.gsckt_wrst.gic_rst.sckt_wr_rst_ic_reg_0   |                2 |              3 |
|  ifclk_out_OBUF                    |                                                                                                           | slave_fifo/fifo_departure/U0/inst_fifo_gen/gconvfifo.rf/grf.rf/rstblk/ngwrdrst.grst.g7serrst.gsckt_wrst.gic_rst.sckt_wr_rst_ic_reg_0 |                2 |              3 |
|  ifclk_out_OBUF                    | slave_fifo/FSM_sequential_master_state[3]_i_1_n_0                                                         | adc2/m_filter2/SR[0]                                                                                                                 |                2 |              4 |
|  ifclk_out_OBUF                    | config_man/FSM_sequential_state[3]_i_1_n_0                                                                | adc2/m_filter2/SR[0]                                                                                                                 |                2 |              4 |
|  ifclk_out_OBUF                    | poten_i2c/FSM_onehot_sub_state[2]_i_1_n_0                                                                 | adc2/m_filter2/SR[0]                                                                                                                 |                1 |              4 |
|  ifclk_out_OBUF                    |                                                                                                           | poten_i2c/byte_controller/bit_controller/filter_cnt[3]_i_1_n_0                                                                       |                1 |              4 |
|  ifclk_out_OBUF                    | poten_i2c/byte_controller/bit_controller/c_state                                                          |                                                                                                                                      |                1 |              4 |
|  ifclk_out_OBUF                    | poten_i2c/byte_controller/bit_controller/FSM_sequential_c_state[4]_i_1_n_0                                |                                                                                                                                      |                4 |              5 |
|  ifclk_out_OBUF                    | poten_i2c/byte_controller/bit_controller/fSDA                                                             | adc2/m_filter2/SR[0]                                                                                                                 |                1 |              6 |
|  ifclk_out_OBUF                    | poten_i2c/FSM_onehot_sub_state[2]_i_1_n_0                                                                 |                                                                                                                                      |                3 |              8 |
|  trigger/adc_d_clk                 |                                                                                                           | adc2/m_filter2/SR[0]                                                                                                                 |                3 |              9 |
|  ifclk_out_OBUF                    |                                                                                                           | poten_i2c/byte_controller/bit_controller/filter_cnt[13]_i_1_n_0                                                                      |                4 |             10 |
|  ifclk_out_OBUF                    | poten_i2c/byte_controller/dcnt                                                                            |                                                                                                                                      |                3 |             11 |
|  ifclk_out_OBUF                    | slave_fifo/fifo_arrival/U0/inst_fifo_gen/gconvfifo.rf/grf.rf/gntv_or_sync_fifo.gl0.rd/gras.rsts/E[0]      | slave_fifo/fifo_arrival/U0/inst_fifo_gen/gconvfifo.rf/grf.rf/rstblk/SR[0]                                                            |                2 |             12 |
|  clk_64MHz_90                      |                                                                                                           | OTR_2_IBUF                                                                                                                           |                5 |             13 |
|  clk_64MHz_90                      |                                                                                                           | OTR_1_IBUF                                                                                                                           |                5 |             13 |
| ~clk_64MHz_90                      |                                                                                                           | adc2/adc/d1_out[13]_i_1__0_n_0                                                                                                       |                3 |             14 |
| ~clk_64MHz_90                      |                                                                                                           | adc1/adc/d1_out[13]_i_1_n_0                                                                                                          |                3 |             14 |
|  trigger/adc_d_clk                 | trigger/counter[15]_i_1_n_0                                                                               | adc2/m_filter2/SR[0]                                                                                                                 |                4 |             16 |
|  ifclk_out_OBUF                    | adc1/avg_filter2/d_out[15]_i_2__0_n_0                                                                     | adc1/avg_filter2/d_out[15]_i_1_n_0                                                                                                   |                5 |             16 |
|  ifclk_out_OBUF                    | slave_fifo/rx_buf_d[15]_i_2_n_0                                                                           | slave_fifo/rx_buf_d[15]_i_1_n_0                                                                                                      |                4 |             16 |
|  ifclk_out_OBUF                    | slave_fifo/rx_buf_dd[15]_i_1_n_0                                                                          |                                                                                                                                      |                5 |             16 |
|  ifclk_out_OBUF                    | slave_fifo/u16WrCounter[0]_i_1_n_0                                                                        |                                                                                                                                      |                4 |             16 |
|  ifclk_out_OBUF                    | adc1/avg_filter1/d_out[15]_i_2_n_0                                                                        | adc1/avg_filter1/d_out[15]_i_1_n_0                                                                                                   |                5 |             16 |
|  ifclk_out_OBUF                    | config_man/poten1_value[7]_i_1_n_0                                                                        | adc2/m_filter2/SR[0]                                                                                                                 |                3 |             16 |
|  ifclk_out_OBUF                    | config_man/poten3_value[7]_i_1_n_0                                                                        | adc2/m_filter2/SR[0]                                                                                                                 |                3 |             16 |
|  ifclk_out_OBUF                    | config_man/trigger_level[15]_i_1_n_0                                                                      | adc2/m_filter2/SR[0]                                                                                                                 |                5 |             16 |
|  ifclk_out_OBUF                    | poten_i2c/byte_controller/bit_controller/cnt[15]_i_2_n_0                                                  | poten_i2c/byte_controller/bit_controller/cnt[15]_i_1_n_0                                                                             |                5 |             16 |
|  ifclk_out_OBUF                    | adc2/avg_filter2/d_out[15]_i_2__2_n_0                                                                     | adc2/avg_filter2/d_out[15]_i_1__0_n_0                                                                                                |                6 |             16 |
|  ifclk_out_OBUF                    | adc2/avg_filter1/d_out[15]_i_2__1_n_0                                                                     | adc2/avg_filter1/d_out[15]_i_1__0_n_0                                                                                                |                7 |             16 |
|  ifclk_out_OBUF                    | slave_fifo/fifo_arrival/U0/inst_fifo_gen/gconvfifo.rf/grf.rf/gntv_or_sync_fifo.gl0.wr/gwas.wsts/E[0]      | slave_fifo/fifo_arrival/U0/inst_fifo_gen/gconvfifo.rf/grf.rf/rstblk/ngwrdrst.grst.g7serrst.gsckt_wrst.gic_rst.sckt_wr_rst_ic_reg_0   |                4 |             18 |
|  trigger/adc_d_clk                 | trigger/backlog_fifo/U0/inst_fifo_gen/gconvfifo.rf/grf.rf/gntv_or_sync_fifo.gl0.rd/grss.rsts/E[0]         | adc2/m_filter2/SR[0]                                                                                                                 |                6 |             20 |
|  trigger/adc_d_clk                 | trigger/backlog_fifo/U0/inst_fifo_gen/gconvfifo.rf/grf.rf/gntv_or_sync_fifo.gl0.wr/gwss.wsts/E[0]         | adc2/m_filter2/SR[0]                                                                                                                 |                6 |             20 |
| ~ifclk_out_OBUF                    | slave_fifo/fifo_departure/U0/inst_fifo_gen/gconvfifo.rf/grf.rf/gntv_or_sync_fifo.gl0.rd/gras.rsts/p_8_out | slave_fifo/fifo_departure/U0/inst_fifo_gen/gconvfifo.rf/grf.rf/rstblk/ngwrdrst.grst.g7serrst.gsckt_wrst.gic_rst.sckt_rd_rst_ic_reg_0 |                4 |             24 |
|  ifclk_out_OBUF                    | slave_fifo/fifo_departure/U0/inst_fifo_gen/gconvfifo.rf/grf.rf/gntv_or_sync_fifo.gl0.wr/gwas.wsts/E[0]    | slave_fifo/fifo_departure/U0/inst_fifo_gen/gconvfifo.rf/grf.rf/rstblk/ngwrdrst.grst.g7serrst.gsckt_wrst.gic_rst.sckt_wr_rst_ic_reg_0 |                7 |             30 |
|  ifclk_out_OBUF                    | config_man/counter                                                                                        | adc2/m_filter2/SR[0]                                                                                                                 |                8 |             32 |
| ~ifclk_out_OBUF                    |                                                                                                           |                                                                                                                                      |               14 |             59 |
|  ifclk_out_OBUF                    |                                                                                                           | adc2/m_filter2/SR[0]                                                                                                                 |               68 |            207 |
|  ifclk_out_OBUF                    |                                                                                                           |                                                                                                                                      |               75 |            269 |
+------------------------------------+-----------------------------------------------------------------------------------------------------------+--------------------------------------------------------------------------------------------------------------------------------------+------------------+----------------+


