Copyright 1986-2020 Xilinx, Inc. All Rights Reserved.
----------------------------------------------------------------------------------------------
| Tool Version : Vivado v.2020.2 (win64) Build 3064766 Wed Nov 18 09:12:45 MST 2020
| Date         : Thu Apr 14 09:10:10 2022
| Host         : DESKTOP-NT56GQ3 running 64-bit major release  (build 9200)
| Command      : report_control_sets -verbose -file zeabus_hydrophone_control_sets_placed.rpt
| Design       : zeabus_hydrophone
| Device       : xc7a15t
----------------------------------------------------------------------------------------------

Control Set Information

Table of Contents
-----------------
1. Summary
2. Histogram
3. Flip-Flop Distribution
4. Detailed Control Set Information

1. Summary
----------

+----------------------------------------------------------+-------+
|                          Status                          | Count |
+----------------------------------------------------------+-------+
| Total control sets                                       |    40 |
|    Minimum number of control sets                        |    40 |
|    Addition due to synthesis replication                 |     0 |
|    Addition due to physical synthesis replication        |     0 |
| Unused register locations in slices containing registers |   123 |
+----------------------------------------------------------+-------+
* Control sets can be merged at opt_design using control_set_merge or merge_equivalent_drivers
** Run report_qor_suggestions for automated merging and remapping suggestions


2. Histogram
------------

+--------------------+-------+
|       Fanout       | Count |
+--------------------+-------+
| Total control sets |    40 |
| >= 0 to < 4        |     8 |
| >= 4 to < 6        |     6 |
| >= 6 to < 8        |     3 |
| >= 8 to < 10       |     2 |
| >= 10 to < 12      |     3 |
| >= 12 to < 14      |     0 |
| >= 14 to < 16      |     5 |
| >= 16              |    13 |
+--------------------+-------+
* Control sets can be remapped at either synth_design or opt_design


3. Flip-Flop Distribution
-------------------------

+--------------+-----------------------+------------------------+-----------------+--------------+
| Clock Enable | Synchronous Set/Reset | Asynchronous Set/Reset | Total Registers | Total Slices |
+--------------+-----------------------+------------------------+-----------------+--------------+
| No           | No                    | No                     |             317 |          104 |
| No           | No                    | Yes                    |               0 |            0 |
| No           | Yes                   | No                     |             434 |          135 |
| Yes          | No                    | No                     |             267 |           83 |
| Yes          | No                    | Yes                    |               0 |            0 |
| Yes          | Yes                   | No                     |             147 |           50 |
+--------------+-----------------------+------------------------+-----------------+--------------+


4. Detailed Control Set Information
-----------------------------------

+----------------------+-------------------------------------------------------------------------+-----------------------------------------------------------------+------------------+----------------+--------------+
|     Clock Signal     |                              Enable Signal                              |                         Set/Reset Signal                        | Slice Load Count | Bel Load Count | Bels / Slice |
+----------------------+-------------------------------------------------------------------------+-----------------------------------------------------------------+------------------+----------------+--------------+
|  ifclk_out_OBUF_BUFG | slave_fifo/SLOE_i_1_n_0                                                 | slave_fifo/rst_internal                                         |                1 |              1 |         1.00 |
|  ifclk_out_OBUF_BUFG | slave_fifo/SLRD_i_1_n_0                                                 | slave_fifo/rst_internal                                         |                1 |              1 |         1.00 |
|  ifclk_out_OBUF_BUFG | slave_fifo/SLWR_i_1_n_0                                                 | slave_fifo/rst_internal                                         |                1 |              1 |         1.00 |
|  ifclk_out_OBUF_BUFG | slave_fifo/SLCS_i_1_n_0                                                 | slave_fifo/rst_internal                                         |                1 |              1 |         1.00 |
|  ifclk_out_OBUF_BUFG | slave_fifo/PKTEND_i_1_n_0                                               | slave_fifo/rst_internal                                         |                1 |              1 |         1.00 |
| ~ifclk_out_OBUF_BUFG | packetizer_inst/Q[0]                                                    | reset_inst/rst                                                  |                1 |              1 |         1.00 |
| ~ifclk_out_OBUF_BUFG |                                                                         |                                                                 |                2 |              3 |         1.50 |
| ~ifclk_out_OBUF_BUFG | packetizer_inst/FSM_onehot_sub_state[1]_i_1_n_0                         | reset_inst/rst                                                  |                1 |              3 |         3.00 |
|  ifclk_out_OBUF_BUFG | slave_fifo/FSM_sequential_master_state[3]_i_2_n_0                       | slave_fifo/rst_internal                                         |                2 |              4 |         2.00 |
|  ifclk_out_OBUF_BUFG |                                                                         | poten_i2c/byte_controller/bit_controller/filter_cnt[3]_i_1_n_0  |                2 |              4 |         2.00 |
|  ifclk_out_OBUF_BUFG |                                                                         | slave_fifo/rst_internal                                         |                4 |              4 |         1.00 |
|  ifclk_out_OBUF_BUFG | poten_i2c/byte_controller/bit_controller/c_state                        |                                                                 |                2 |              4 |         2.00 |
|  ifclk_out_OBUF_BUFG | reset_inst/sel                                                          | reset_inst/hold_counter[4]_i_1_n_0                              |                1 |              5 |         5.00 |
| ~ifclk_out_OBUF_BUFG |                                                                         | slave_fifo/rst_internal_0                                       |                4 |              5 |         1.25 |
| ~ifclk_out_OBUF_BUFG |                                                                         | reset_inst/rst                                                  |                3 |              6 |         2.00 |
|  ifclk_out_OBUF_BUFG | poten_i2c/byte_controller/bit_controller/fSCL[2]_i_2_n_0                | reset_inst/rst_reg_0                                            |                2 |              6 |         3.00 |
| ~ifclk_out_OBUF_BUFG | trigger/h_counter                                                       | slave_fifo/rst_internal_0                                       |                2 |              7 |         3.50 |
|  ifclk_out_OBUF_BUFG | poten_i2c/txr[7]_i_1_n_0                                                |                                                                 |                3 |              8 |         2.67 |
| ~ifclk_out_OBUF_BUFG | config_man/poten1_value[7]_i_1_n_0                                      | reset_inst/rst                                                  |                2 |              8 |         4.00 |
|  ifclk_out_OBUF_BUFG |                                                                         | poten_i2c/byte_controller/bit_controller/filter_cnt[13]_i_1_n_0 |                4 |             10 |         2.50 |
| ~ifclk_out_OBUF_BUFG | config_man/prefix[15]_i_1_n_0                                           |                                                                 |                3 |             10 |         3.33 |
|  ifclk_out_OBUF_BUFG | poten_i2c/byte_controller/dcnt                                          |                                                                 |                4 |             11 |         2.75 |
|  ifclk_out_OBUF_BUFG |                                                                         | reset_inst/rst                                                  |                6 |             14 |         2.33 |
| ~ifclk_out_OBUF_BUFG | packetizer_inst/FSM_onehot_main_state[13]_i_1_n_0                       | reset_inst/rst                                                  |                5 |             14 |         2.80 |
|  ifclk_out_OBUF_BUFG |                                                                         | packetizer_inst/timer                                           |                4 |             15 |         3.75 |
|  ifclk_out_OBUF_BUFG | slave_fifo/u16WrCounter[15]_i_2_n_0                                     | slave_fifo/u16WrCounter[15]_i_1_n_0                             |                4 |             15 |         3.75 |
| ~ifclk_out_OBUF_BUFG | trigger/t_counter[15]_i_2_n_0                                           | slave_fifo/SR[0]                                                |                5 |             15 |         3.00 |
|  ifclk_out_OBUF_BUFG | slave_fifo/rx_buf_dd[15]_i_1_n_0                                        |                                                                 |                5 |             16 |         3.20 |
|  ifclk_out_OBUF_BUFG | poten_i2c/byte_controller/bit_controller/slave_wait                     | poten_i2c/byte_controller/bit_controller/cnt[15]_i_1_n_0        |                4 |             16 |         4.00 |
|  ifclk_out_OBUF_BUFG | slave_fifo/rx_buf_d[15]_i_1_n_0                                         |                                                                 |                5 |             16 |         3.20 |
| ~ifclk_out_OBUF_BUFG | config_man/trigger_level[15]_i_1_n_0                                    | reset_inst/rst                                                  |                8 |             16 |         2.00 |
| ~ifclk_out_OBUF_BUFG | trigger/FSM_onehot_main_state_reg[0]                                    |                                                                 |                4 |             16 |         4.00 |
|  ifclk_out_OBUF_BUFG | poten_i2c/byte_controller/bit_controller/FSM_onehot_c_state[17]_i_1_n_0 |                                                                 |                8 |             18 |         2.25 |
|  ifclk_out_OBUF_BUFG | packetizer_inst/timer                                                   |                                                                 |                8 |             32 |         4.00 |
| ~ifclk_out_OBUF_BUFG | config_man/sel                                                          | reset_inst/rst                                                  |                8 |             32 |         4.00 |
|  ifclk_out_OBUF_BUFG | adc1/filter1/avg_binning1/E[0]                                          |                                                                 |               10 |             36 |         3.60 |
|  ifclk_out_OBUF_BUFG | adc2/filter1/avg_binning1/E[0]                                          |                                                                 |               13 |             36 |         2.77 |
|  ifclk_out_OBUF_BUFG | trigger/E[0]                                                            |                                                                 |               18 |             64 |         3.56 |
|  ifclk_out_OBUF_BUFG |                                                                         |                                                                 |              102 |            314 |         3.08 |
|  ifclk_out_OBUF_BUFG |                                                                         | slave_fifo/filter_rst                                           |              108 |            376 |         3.48 |
+----------------------+-------------------------------------------------------------------------+-----------------------------------------------------------------+------------------+----------------+--------------+


