#-----------------------------------------------------------
# Webtalk v2019.1 (64-bit)
# SW Build 2552052 on Fri May 24 14:49:42 MDT 2019
# IP Build 2548770 on Fri May 24 18:01:18 MDT 2019
# Start of session at: Sun Feb 16 19:54:27 2020
# Process ID: 7596
# Current directory: C:/Users/akrap/Google/AUV/zeabus_hydrophone/FPGA_firmware/zeabus_hydrophone.sim/zeabus_hydrophone/behav/xsim
# Command line: wbtcv.exe -mode batch -source C:/Users/akrap/Google/AUV/zeabus_hydrophone/FPGA_firmware/zeabus_hydrophone.sim/zeabus_hydrophone/behav/xsim/xsim.dir/zeabus_hydrphone_tb_behav/webtalk/xsim_webtalk.tcl -notrace
# Log file: C:/Users/akrap/Google/AUV/zeabus_hydrophone/FPGA_firmware/zeabus_hydrophone.sim/zeabus_hydrophone/behav/xsim/webtalk.log
# Journal file: C:/Users/akrap/Google/AUV/zeabus_hydrophone/FPGA_firmware/zeabus_hydrophone.sim/zeabus_hydrophone/behav/xsim\webtalk.jou
#-----------------------------------------------------------
source C:/Users/akrap/Google/AUV/zeabus_hydrophone/FPGA_firmware/zeabus_hydrophone.sim/zeabus_hydrophone/behav/xsim/xsim.dir/zeabus_hydrphone_tb_behav/webtalk/xsim_webtalk.tcl -notrace
