19:58:10 **** Incremental Build of configuration Release for project ZEABUS-STM32-DSP ****
make all 
Building file: ../startup/startup_stm32h743xx.s
Invoking: MCU GCC Assembler
D:\ws\ZEABUS-STM32-DSP\ZEABUS-STM32-DSP\Release
arm-none-eabi-as -mcpu=cortex-m7 -mthumb -mfloat-abi=hard -mfpu=fpv5-d16 -o "startup/startup_stm32h743xx.o" "../startup/startup_stm32h743xx.s"
Finished building: ../startup/startup_stm32h743xx.s
 
Building file: ../Src/adc.c
Invoking: MCU GCC Compiler
D:\ws\ZEABUS-STM32-DSP\ZEABUS-STM32-DSP\Release
arm-none-eabi-gcc -mcpu=cortex-m7 -mthumb -mfloat-abi=hard -mfpu=fpv5-d16 '-D__weak=__attribute__((weak))' '-D__packed=__attribute__((__packed__))' -DUSE_HAL_DRIVER -DSTM32H743xx -I"D:/ws/ZEABUS-STM32-DSP/ZEABUS-STM32-DSP/Inc" -I"D:/ws/ZEABUS-STM32-DSP/ZEABUS-STM32-DSP/Drivers/STM32H7xx_HAL_Driver/Inc" -I"D:/ws/ZEABUS-STM32-DSP/ZEABUS-STM32-DSP/Drivers/STM32H7xx_HAL_Driver/Inc/Legacy" -I"D:/ws/ZEABUS-STM32-DSP/ZEABUS-STM32-DSP/Drivers/CMSIS/Device/ST/STM32H7xx/Include" -I"D:/ws/ZEABUS-STM32-DSP/ZEABUS-STM32-DSP/Drivers/CMSIS/Include"  -Og -g3 -Wall -fmessage-length=0 -ffunction-sections -c -fmessage-length=0 -MMD -MP -MF"Src/adc.d" -MT"Src/adc.o" -o "Src/adc.o" "../Src/adc.c"
Finished building: ../Src/adc.c
 
Building file: ../Src/gpio.c
Invoking: MCU GCC Compiler
D:\ws\ZEABUS-STM32-DSP\ZEABUS-STM32-DSP\Release
arm-none-eabi-gcc -mcpu=cortex-m7 -mthumb -mfloat-abi=hard -mfpu=fpv5-d16 '-D__weak=__attribute__((weak))' '-D__packed=__attribute__((__packed__))' -DUSE_HAL_DRIVER -DSTM32H743xx -I"D:/ws/ZEABUS-STM32-DSP/ZEABUS-STM32-DSP/Inc" -I"D:/ws/ZEABUS-STM32-DSP/ZEABUS-STM32-DSP/Drivers/STM32H7xx_HAL_Driver/Inc" -I"D:/ws/ZEABUS-STM32-DSP/ZEABUS-STM32-DSP/Drivers/STM32H7xx_HAL_Driver/Inc/Legacy" -I"D:/ws/ZEABUS-STM32-DSP/ZEABUS-STM32-DSP/Drivers/CMSIS/Device/ST/STM32H7xx/Include" -I"D:/ws/ZEABUS-STM32-DSP/ZEABUS-STM32-DSP/Drivers/CMSIS/Include"  -Og -g3 -Wall -fmessage-length=0 -ffunction-sections -c -fmessage-length=0 -MMD -MP -MF"Src/gpio.d" -MT"Src/gpio.o" -o "Src/gpio.o" "../Src/gpio.c"
Finished building: ../Src/gpio.c
 
Building file: ../Src/i2c.c
Invoking: MCU GCC Compiler
D:\ws\ZEABUS-STM32-DSP\ZEABUS-STM32-DSP\Release
arm-none-eabi-gcc -mcpu=cortex-m7 -mthumb -mfloat-abi=hard -mfpu=fpv5-d16 '-D__weak=__attribute__((weak))' '-D__packed=__attribute__((__packed__))' -DUSE_HAL_DRIVER -DSTM32H743xx -I"D:/ws/ZEABUS-STM32-DSP/ZEABUS-STM32-DSP/Inc" -I"D:/ws/ZEABUS-STM32-DSP/ZEABUS-STM32-DSP/Drivers/STM32H7xx_HAL_Driver/Inc" -I"D:/ws/ZEABUS-STM32-DSP/ZEABUS-STM32-DSP/Drivers/STM32H7xx_HAL_Driver/Inc/Legacy" -I"D:/ws/ZEABUS-STM32-DSP/ZEABUS-STM32-DSP/Drivers/CMSIS/Device/ST/STM32H7xx/Include" -I"D:/ws/ZEABUS-STM32-DSP/ZEABUS-STM32-DSP/Drivers/CMSIS/Include"  -Og -g3 -Wall -fmessage-length=0 -ffunction-sections -c -fmessage-length=0 -MMD -MP -MF"Src/i2c.d" -MT"Src/i2c.o" -o "Src/i2c.o" "../Src/i2c.c"
Finished building: ../Src/i2c.c
 
Building file: ../Src/main.c
Invoking: MCU GCC Compiler
D:\ws\ZEABUS-STM32-DSP\ZEABUS-STM32-DSP\Release
arm-none-eabi-gcc -mcpu=cortex-m7 -mthumb -mfloat-abi=hard -mfpu=fpv5-d16 '-D__weak=__attribute__((weak))' '-D__packed=__attribute__((__packed__))' -DUSE_HAL_DRIVER -DSTM32H743xx -I"D:/ws/ZEABUS-STM32-DSP/ZEABUS-STM32-DSP/Inc" -I"D:/ws/ZEABUS-STM32-DSP/ZEABUS-STM32-DSP/Drivers/STM32H7xx_HAL_Driver/Inc" -I"D:/ws/ZEABUS-STM32-DSP/ZEABUS-STM32-DSP/Drivers/STM32H7xx_HAL_Driver/Inc/Legacy" -I"D:/ws/ZEABUS-STM32-DSP/ZEABUS-STM32-DSP/Drivers/CMSIS/Device/ST/STM32H7xx/Include" -I"D:/ws/ZEABUS-STM32-DSP/ZEABUS-STM32-DSP/Drivers/CMSIS/Include"  -Og -g3 -Wall -fmessage-length=0 -ffunction-sections -c -fmessage-length=0 -MMD -MP -MF"Src/main.d" -MT"Src/main.o" -o "Src/main.o" "../Src/main.c"
Finished building: ../Src/main.c
 
Building file: ../Src/stm32h7xx_hal_msp.c
Invoking: MCU GCC Compiler
D:\ws\ZEABUS-STM32-DSP\ZEABUS-STM32-DSP\Release
arm-none-eabi-gcc -mcpu=cortex-m7 -mthumb -mfloat-abi=hard -mfpu=fpv5-d16 '-D__weak=__attribute__((weak))' '-D__packed=__attribute__((__packed__))' -DUSE_HAL_DRIVER -DSTM32H743xx -I"D:/ws/ZEABUS-STM32-DSP/ZEABUS-STM32-DSP/Inc" -I"D:/ws/ZEABUS-STM32-DSP/ZEABUS-STM32-DSP/Drivers/STM32H7xx_HAL_Driver/Inc" -I"D:/ws/ZEABUS-STM32-DSP/ZEABUS-STM32-DSP/Drivers/STM32H7xx_HAL_Driver/Inc/Legacy" -I"D:/ws/ZEABUS-STM32-DSP/ZEABUS-STM32-DSP/Drivers/CMSIS/Device/ST/STM32H7xx/Include" -I"D:/ws/ZEABUS-STM32-DSP/ZEABUS-STM32-DSP/Drivers/CMSIS/Include"  -Og -g3 -Wall -fmessage-length=0 -ffunction-sections -c -fmessage-length=0 -MMD -MP -MF"Src/stm32h7xx_hal_msp.d" -MT"Src/stm32h7xx_hal_msp.o" -o "Src/stm32h7xx_hal_msp.o" "../Src/stm32h7xx_hal_msp.c"
Finished building: ../Src/stm32h7xx_hal_msp.c
 
Building file: ../Src/stm32h7xx_it.c
Invoking: MCU GCC Compiler
D:\ws\ZEABUS-STM32-DSP\ZEABUS-STM32-DSP\Release
arm-none-eabi-gcc -mcpu=cortex-m7 -mthumb -mfloat-abi=hard -mfpu=fpv5-d16 '-D__weak=__attribute__((weak))' '-D__packed=__attribute__((__packed__))' -DUSE_HAL_DRIVER -DSTM32H743xx -I"D:/ws/ZEABUS-STM32-DSP/ZEABUS-STM32-DSP/Inc" -I"D:/ws/ZEABUS-STM32-DSP/ZEABUS-STM32-DSP/Drivers/STM32H7xx_HAL_Driver/Inc" -I"D:/ws/ZEABUS-STM32-DSP/ZEABUS-STM32-DSP/Drivers/STM32H7xx_HAL_Driver/Inc/Legacy" -I"D:/ws/ZEABUS-STM32-DSP/ZEABUS-STM32-DSP/Drivers/CMSIS/Device/ST/STM32H7xx/Include" -I"D:/ws/ZEABUS-STM32-DSP/ZEABUS-STM32-DSP/Drivers/CMSIS/Include"  -Og -g3 -Wall -fmessage-length=0 -ffunction-sections -c -fmessage-length=0 -MMD -MP -MF"Src/stm32h7xx_it.d" -MT"Src/stm32h7xx_it.o" -o "Src/stm32h7xx_it.o" "../Src/stm32h7xx_it.c"
Finished building: ../Src/stm32h7xx_it.c
 
Building file: ../Src/system_stm32h7xx.c
Invoking: MCU GCC Compiler
D:\ws\ZEABUS-STM32-DSP\ZEABUS-STM32-DSP\Release
arm-none-eabi-gcc -mcpu=cortex-m7 -mthumb -mfloat-abi=hard -mfpu=fpv5-d16 '-D__weak=__attribute__((weak))' '-D__packed=__attribute__((__packed__))' -DUSE_HAL_DRIVER -DSTM32H743xx -I"D:/ws/ZEABUS-STM32-DSP/ZEABUS-STM32-DSP/Inc" -I"D:/ws/ZEABUS-STM32-DSP/ZEABUS-STM32-DSP/Drivers/STM32H7xx_HAL_Driver/Inc" -I"D:/ws/ZEABUS-STM32-DSP/ZEABUS-STM32-DSP/Drivers/STM32H7xx_HAL_Driver/Inc/Legacy" -I"D:/ws/ZEABUS-STM32-DSP/ZEABUS-STM32-DSP/Drivers/CMSIS/Device/ST/STM32H7xx/Include" -I"D:/ws/ZEABUS-STM32-DSP/ZEABUS-STM32-DSP/Drivers/CMSIS/Include"  -Og -g3 -Wall -fmessage-length=0 -ffunction-sections -c -fmessage-length=0 -MMD -MP -MF"Src/system_stm32h7xx.d" -MT"Src/system_stm32h7xx.o" -o "Src/system_stm32h7xx.o" "../Src/system_stm32h7xx.c"
Finished building: ../Src/system_stm32h7xx.c
 
Building file: ../Src/tim.c
Invoking: MCU GCC Compiler
D:\ws\ZEABUS-STM32-DSP\ZEABUS-STM32-DSP\Release
arm-none-eabi-gcc -mcpu=cortex-m7 -mthumb -mfloat-abi=hard -mfpu=fpv5-d16 '-D__weak=__attribute__((weak))' '-D__packed=__attribute__((__packed__))' -DUSE_HAL_DRIVER -DSTM32H743xx -I"D:/ws/ZEABUS-STM32-DSP/ZEABUS-STM32-DSP/Inc" -I"D:/ws/ZEABUS-STM32-DSP/ZEABUS-STM32-DSP/Drivers/STM32H7xx_HAL_Driver/Inc" -I"D:/ws/ZEABUS-STM32-DSP/ZEABUS-STM32-DSP/Drivers/STM32H7xx_HAL_Driver/Inc/Legacy" -I"D:/ws/ZEABUS-STM32-DSP/ZEABUS-STM32-DSP/Drivers/CMSIS/Device/ST/STM32H7xx/Include" -I"D:/ws/ZEABUS-STM32-DSP/ZEABUS-STM32-DSP/Drivers/CMSIS/Include"  -Og -g3 -Wall -fmessage-length=0 -ffunction-sections -c -fmessage-length=0 -MMD -MP -MF"Src/tim.d" -MT"Src/tim.o" -o "Src/tim.o" "../Src/tim.c"
Finished building: ../Src/tim.c
 
Building file: ../Src/usart.c
Invoking: MCU GCC Compiler
D:\ws\ZEABUS-STM32-DSP\ZEABUS-STM32-DSP\Release
arm-none-eabi-gcc -mcpu=cortex-m7 -mthumb -mfloat-abi=hard -mfpu=fpv5-d16 '-D__weak=__attribute__((weak))' '-D__packed=__attribute__((__packed__))' -DUSE_HAL_DRIVER -DSTM32H743xx -I"D:/ws/ZEABUS-STM32-DSP/ZEABUS-STM32-DSP/Inc" -I"D:/ws/ZEABUS-STM32-DSP/ZEABUS-STM32-DSP/Drivers/STM32H7xx_HAL_Driver/Inc" -I"D:/ws/ZEABUS-STM32-DSP/ZEABUS-STM32-DSP/Drivers/STM32H7xx_HAL_Driver/Inc/Legacy" -I"D:/ws/ZEABUS-STM32-DSP/ZEABUS-STM32-DSP/Drivers/CMSIS/Device/ST/STM32H7xx/Include" -I"D:/ws/ZEABUS-STM32-DSP/ZEABUS-STM32-DSP/Drivers/CMSIS/Include"  -Og -g3 -Wall -fmessage-length=0 -ffunction-sections -c -fmessage-length=0 -MMD -MP -MF"Src/usart.d" -MT"Src/usart.o" -o "Src/usart.o" "../Src/usart.c"
Finished building: ../Src/usart.c
 
Building file: ../Src/usb_otg.c
Invoking: MCU GCC Compiler
D:\ws\ZEABUS-STM32-DSP\ZEABUS-STM32-DSP\Release
arm-none-eabi-gcc -mcpu=cortex-m7 -mthumb -mfloat-abi=hard -mfpu=fpv5-d16 '-D__weak=__attribute__((weak))' '-D__packed=__attribute__((__packed__))' -DUSE_HAL_DRIVER -DSTM32H743xx -I"D:/ws/ZEABUS-STM32-DSP/ZEABUS-STM32-DSP/Inc" -I"D:/ws/ZEABUS-STM32-DSP/ZEABUS-STM32-DSP/Drivers/STM32H7xx_HAL_Driver/Inc" -I"D:/ws/ZEABUS-STM32-DSP/ZEABUS-STM32-DSP/Drivers/STM32H7xx_HAL_Driver/Inc/Legacy" -I"D:/ws/ZEABUS-STM32-DSP/ZEABUS-STM32-DSP/Drivers/CMSIS/Device/ST/STM32H7xx/Include" -I"D:/ws/ZEABUS-STM32-DSP/ZEABUS-STM32-DSP/Drivers/CMSIS/Include"  -Og -g3 -Wall -fmessage-length=0 -ffunction-sections -c -fmessage-length=0 -MMD -MP -MF"Src/usb_otg.d" -MT"Src/usb_otg.o" -o "Src/usb_otg.o" "../Src/usb_otg.c"
Finished building: ../Src/usb_otg.c
 
Building file: ../Drivers/STM32H7xx_HAL_Driver/Src/stm32h7xx_hal.c
Invoking: MCU GCC Compiler
D:\ws\ZEABUS-STM32-DSP\ZEABUS-STM32-DSP\Release
arm-none-eabi-gcc -mcpu=cortex-m7 -mthumb -mfloat-abi=hard -mfpu=fpv5-d16 '-D__weak=__attribute__((weak))' '-D__packed=__attribute__((__packed__))' -DUSE_HAL_DRIVER -DSTM32H743xx -I"D:/ws/ZEABUS-STM32-DSP/ZEABUS-STM32-DSP/Inc" -I"D:/ws/ZEABUS-STM32-DSP/ZEABUS-STM32-DSP/Drivers/STM32H7xx_HAL_Driver/Inc" -I"D:/ws/ZEABUS-STM32-DSP/ZEABUS-STM32-DSP/Drivers/STM32H7xx_HAL_Driver/Inc/Legacy" -I"D:/ws/ZEABUS-STM32-DSP/ZEABUS-STM32-DSP/Drivers/CMSIS/Device/ST/STM32H7xx/Include" -I"D:/ws/ZEABUS-STM32-DSP/ZEABUS-STM32-DSP/Drivers/CMSIS/Include"  -Og -g3 -Wall -fmessage-length=0 -ffunction-sections -c -fmessage-length=0 -MMD -MP -MF"Drivers/STM32H7xx_HAL_Driver/Src/stm32h7xx_hal.d" -MT"Drivers/STM32H7xx_HAL_Driver/Src/stm32h7xx_hal.o" -o "Drivers/STM32H7xx_HAL_Driver/Src/stm32h7xx_hal.o" "../Drivers/STM32H7xx_HAL_Driver/Src/stm32h7xx_hal.c"
Finished building: ../Drivers/STM32H7xx_HAL_Driver/Src/stm32h7xx_hal.c
 
Building file: ../Drivers/STM32H7xx_HAL_Driver/Src/stm32h7xx_hal_adc.c
Invoking: MCU GCC Compiler
D:\ws\ZEABUS-STM32-DSP\ZEABUS-STM32-DSP\Release
arm-none-eabi-gcc -mcpu=cortex-m7 -mthumb -mfloat-abi=hard -mfpu=fpv5-d16 '-D__weak=__attribute__((weak))' '-D__packed=__attribute__((__packed__))' -DUSE_HAL_DRIVER -DSTM32H743xx -I"D:/ws/ZEABUS-STM32-DSP/ZEABUS-STM32-DSP/Inc" -I"D:/ws/ZEABUS-STM32-DSP/ZEABUS-STM32-DSP/Drivers/STM32H7xx_HAL_Driver/Inc" -I"D:/ws/ZEABUS-STM32-DSP/ZEABUS-STM32-DSP/Drivers/STM32H7xx_HAL_Driver/Inc/Legacy" -I"D:/ws/ZEABUS-STM32-DSP/ZEABUS-STM32-DSP/Drivers/CMSIS/Device/ST/STM32H7xx/Include" -I"D:/ws/ZEABUS-STM32-DSP/ZEABUS-STM32-DSP/Drivers/CMSIS/Include"  -Og -g3 -Wall -fmessage-length=0 -ffunction-sections -c -fmessage-length=0 -MMD -MP -MF"Drivers/STM32H7xx_HAL_Driver/Src/stm32h7xx_hal_adc.d" -MT"Drivers/STM32H7xx_HAL_Driver/Src/stm32h7xx_hal_adc.o" -o "Drivers/STM32H7xx_HAL_Driver/Src/stm32h7xx_hal_adc.o" "../Drivers/STM32H7xx_HAL_Driver/Src/stm32h7xx_hal_adc.c"
Finished building: ../Drivers/STM32H7xx_HAL_Driver/Src/stm32h7xx_hal_adc.c
 
Building file: ../Drivers/STM32H7xx_HAL_Driver/Src/stm32h7xx_hal_adc_ex.c
Invoking: MCU GCC Compiler
D:\ws\ZEABUS-STM32-DSP\ZEABUS-STM32-DSP\Release
arm-none-eabi-gcc -mcpu=cortex-m7 -mthumb -mfloat-abi=hard -mfpu=fpv5-d16 '-D__weak=__attribute__((weak))' '-D__packed=__attribute__((__packed__))' -DUSE_HAL_DRIVER -DSTM32H743xx -I"D:/ws/ZEABUS-STM32-DSP/ZEABUS-STM32-DSP/Inc" -I"D:/ws/ZEABUS-STM32-DSP/ZEABUS-STM32-DSP/Drivers/STM32H7xx_HAL_Driver/Inc" -I"D:/ws/ZEABUS-STM32-DSP/ZEABUS-STM32-DSP/Drivers/STM32H7xx_HAL_Driver/Inc/Legacy" -I"D:/ws/ZEABUS-STM32-DSP/ZEABUS-STM32-DSP/Drivers/CMSIS/Device/ST/STM32H7xx/Include" -I"D:/ws/ZEABUS-STM32-DSP/ZEABUS-STM32-DSP/Drivers/CMSIS/Include"  -Og -g3 -Wall -fmessage-length=0 -ffunction-sections -c -fmessage-length=0 -MMD -MP -MF"Drivers/STM32H7xx_HAL_Driver/Src/stm32h7xx_hal_adc_ex.d" -MT"Drivers/STM32H7xx_HAL_Driver/Src/stm32h7xx_hal_adc_ex.o" -o "Drivers/STM32H7xx_HAL_Driver/Src/stm32h7xx_hal_adc_ex.o" "../Drivers/STM32H7xx_HAL_Driver/Src/stm32h7xx_hal_adc_ex.c"
Finished building: ../Drivers/STM32H7xx_HAL_Driver/Src/stm32h7xx_hal_adc_ex.c
 
Building file: ../Drivers/STM32H7xx_HAL_Driver/Src/stm32h7xx_hal_cortex.c
Invoking: MCU GCC Compiler
D:\ws\ZEABUS-STM32-DSP\ZEABUS-STM32-DSP\Release
arm-none-eabi-gcc -mcpu=cortex-m7 -mthumb -mfloat-abi=hard -mfpu=fpv5-d16 '-D__weak=__attribute__((weak))' '-D__packed=__attribute__((__packed__))' -DUSE_HAL_DRIVER -DSTM32H743xx -I"D:/ws/ZEABUS-STM32-DSP/ZEABUS-STM32-DSP/Inc" -I"D:/ws/ZEABUS-STM32-DSP/ZEABUS-STM32-DSP/Drivers/STM32H7xx_HAL_Driver/Inc" -I"D:/ws/ZEABUS-STM32-DSP/ZEABUS-STM32-DSP/Drivers/STM32H7xx_HAL_Driver/Inc/Legacy" -I"D:/ws/ZEABUS-STM32-DSP/ZEABUS-STM32-DSP/Drivers/CMSIS/Device/ST/STM32H7xx/Include" -I"D:/ws/ZEABUS-STM32-DSP/ZEABUS-STM32-DSP/Drivers/CMSIS/Include"  -Og -g3 -Wall -fmessage-length=0 -ffunction-sections -c -fmessage-length=0 -MMD -MP -MF"Drivers/STM32H7xx_HAL_Driver/Src/stm32h7xx_hal_cortex.d" -MT"Drivers/STM32H7xx_HAL_Driver/Src/stm32h7xx_hal_cortex.o" -o "Drivers/STM32H7xx_HAL_Driver/Src/stm32h7xx_hal_cortex.o" "../Drivers/STM32H7xx_HAL_Driver/Src/stm32h7xx_hal_cortex.c"
Finished building: ../Drivers/STM32H7xx_HAL_Driver/Src/stm32h7xx_hal_cortex.c
 
Building file: ../Drivers/STM32H7xx_HAL_Driver/Src/stm32h7xx_hal_dma.c
Invoking: MCU GCC Compiler
D:\ws\ZEABUS-STM32-DSP\ZEABUS-STM32-DSP\Release
arm-none-eabi-gcc -mcpu=cortex-m7 -mthumb -mfloat-abi=hard -mfpu=fpv5-d16 '-D__weak=__attribute__((weak))' '-D__packed=__attribute__((__packed__))' -DUSE_HAL_DRIVER -DSTM32H743xx -I"D:/ws/ZEABUS-STM32-DSP/ZEABUS-STM32-DSP/Inc" -I"D:/ws/ZEABUS-STM32-DSP/ZEABUS-STM32-DSP/Drivers/STM32H7xx_HAL_Driver/Inc" -I"D:/ws/ZEABUS-STM32-DSP/ZEABUS-STM32-DSP/Drivers/STM32H7xx_HAL_Driver/Inc/Legacy" -I"D:/ws/ZEABUS-STM32-DSP/ZEABUS-STM32-DSP/Drivers/CMSIS/Device/ST/STM32H7xx/Include" -I"D:/ws/ZEABUS-STM32-DSP/ZEABUS-STM32-DSP/Drivers/CMSIS/Include"  -Og -g3 -Wall -fmessage-length=0 -ffunction-sections -c -fmessage-length=0 -MMD -MP -MF"Drivers/STM32H7xx_HAL_Driver/Src/stm32h7xx_hal_dma.d" -MT"Drivers/STM32H7xx_HAL_Driver/Src/stm32h7xx_hal_dma.o" -o "Drivers/STM32H7xx_HAL_Driver/Src/stm32h7xx_hal_dma.o" "../Drivers/STM32H7xx_HAL_Driver/Src/stm32h7xx_hal_dma.c"
Finished building: ../Drivers/STM32H7xx_HAL_Driver/Src/stm32h7xx_hal_dma.c
 
Building file: ../Drivers/STM32H7xx_HAL_Driver/Src/stm32h7xx_hal_dma_ex.c
Invoking: MCU GCC Compiler
D:\ws\ZEABUS-STM32-DSP\ZEABUS-STM32-DSP\Release
arm-none-eabi-gcc -mcpu=cortex-m7 -mthumb -mfloat-abi=hard -mfpu=fpv5-d16 '-D__weak=__attribute__((weak))' '-D__packed=__attribute__((__packed__))' -DUSE_HAL_DRIVER -DSTM32H743xx -I"D:/ws/ZEABUS-STM32-DSP/ZEABUS-STM32-DSP/Inc" -I"D:/ws/ZEABUS-STM32-DSP/ZEABUS-STM32-DSP/Drivers/STM32H7xx_HAL_Driver/Inc" -I"D:/ws/ZEABUS-STM32-DSP/ZEABUS-STM32-DSP/Drivers/STM32H7xx_HAL_Driver/Inc/Legacy" -I"D:/ws/ZEABUS-STM32-DSP/ZEABUS-STM32-DSP/Drivers/CMSIS/Device/ST/STM32H7xx/Include" -I"D:/ws/ZEABUS-STM32-DSP/ZEABUS-STM32-DSP/Drivers/CMSIS/Include"  -Og -g3 -Wall -fmessage-length=0 -ffunction-sections -c -fmessage-length=0 -MMD -MP -MF"Drivers/STM32H7xx_HAL_Driver/Src/stm32h7xx_hal_dma_ex.d" -MT"Drivers/STM32H7xx_HAL_Driver/Src/stm32h7xx_hal_dma_ex.o" -o "Drivers/STM32H7xx_HAL_Driver/Src/stm32h7xx_hal_dma_ex.o" "../Drivers/STM32H7xx_HAL_Driver/Src/stm32h7xx_hal_dma_ex.c"
Finished building: ../Drivers/STM32H7xx_HAL_Driver/Src/stm32h7xx_hal_dma_ex.c
 
Building file: ../Drivers/STM32H7xx_HAL_Driver/Src/stm32h7xx_hal_flash.c
Invoking: MCU GCC Compiler
D:\ws\ZEABUS-STM32-DSP\ZEABUS-STM32-DSP\Release
arm-none-eabi-gcc -mcpu=cortex-m7 -mthumb -mfloat-abi=hard -mfpu=fpv5-d16 '-D__weak=__attribute__((weak))' '-D__packed=__attribute__((__packed__))' -DUSE_HAL_DRIVER -DSTM32H743xx -I"D:/ws/ZEABUS-STM32-DSP/ZEABUS-STM32-DSP/Inc" -I"D:/ws/ZEABUS-STM32-DSP/ZEABUS-STM32-DSP/Drivers/STM32H7xx_HAL_Driver/Inc" -I"D:/ws/ZEABUS-STM32-DSP/ZEABUS-STM32-DSP/Drivers/STM32H7xx_HAL_Driver/Inc/Legacy" -I"D:/ws/ZEABUS-STM32-DSP/ZEABUS-STM32-DSP/Drivers/CMSIS/Device/ST/STM32H7xx/Include" -I"D:/ws/ZEABUS-STM32-DSP/ZEABUS-STM32-DSP/Drivers/CMSIS/Include"  -Og -g3 -Wall -fmessage-length=0 -ffunction-sections -c -fmessage-length=0 -MMD -MP -MF"Drivers/STM32H7xx_HAL_Driver/Src/stm32h7xx_hal_flash.d" -MT"Drivers/STM32H7xx_HAL_Driver/Src/stm32h7xx_hal_flash.o" -o "Drivers/STM32H7xx_HAL_Driver/Src/stm32h7xx_hal_flash.o" "../Drivers/STM32H7xx_HAL_Driver/Src/stm32h7xx_hal_flash.c"
Finished building: ../Drivers/STM32H7xx_HAL_Driver/Src/stm32h7xx_hal_flash.c
 
Building file: ../Drivers/STM32H7xx_HAL_Driver/Src/stm32h7xx_hal_flash_ex.c
Invoking: MCU GCC Compiler
D:\ws\ZEABUS-STM32-DSP\ZEABUS-STM32-DSP\Release
arm-none-eabi-gcc -mcpu=cortex-m7 -mthumb -mfloat-abi=hard -mfpu=fpv5-d16 '-D__weak=__attribute__((weak))' '-D__packed=__attribute__((__packed__))' -DUSE_HAL_DRIVER -DSTM32H743xx -I"D:/ws/ZEABUS-STM32-DSP/ZEABUS-STM32-DSP/Inc" -I"D:/ws/ZEABUS-STM32-DSP/ZEABUS-STM32-DSP/Drivers/STM32H7xx_HAL_Driver/Inc" -I"D:/ws/ZEABUS-STM32-DSP/ZEABUS-STM32-DSP/Drivers/STM32H7xx_HAL_Driver/Inc/Legacy" -I"D:/ws/ZEABUS-STM32-DSP/ZEABUS-STM32-DSP/Drivers/CMSIS/Device/ST/STM32H7xx/Include" -I"D:/ws/ZEABUS-STM32-DSP/ZEABUS-STM32-DSP/Drivers/CMSIS/Include"  -Og -g3 -Wall -fmessage-length=0 -ffunction-sections -c -fmessage-length=0 -MMD -MP -MF"Drivers/STM32H7xx_HAL_Driver/Src/stm32h7xx_hal_flash_ex.d" -MT"Drivers/STM32H7xx_HAL_Driver/Src/stm32h7xx_hal_flash_ex.o" -o "Drivers/STM32H7xx_HAL_Driver/Src/stm32h7xx_hal_flash_ex.o" "../Drivers/STM32H7xx_HAL_Driver/Src/stm32h7xx_hal_flash_ex.c"
Finished building: ../Drivers/STM32H7xx_HAL_Driver/Src/stm32h7xx_hal_flash_ex.c
 
Building file: ../Drivers/STM32H7xx_HAL_Driver/Src/stm32h7xx_hal_gpio.c
Invoking: MCU GCC Compiler
D:\ws\ZEABUS-STM32-DSP\ZEABUS-STM32-DSP\Release
arm-none-eabi-gcc -mcpu=cortex-m7 -mthumb -mfloat-abi=hard -mfpu=fpv5-d16 '-D__weak=__attribute__((weak))' '-D__packed=__attribute__((__packed__))' -DUSE_HAL_DRIVER -DSTM32H743xx -I"D:/ws/ZEABUS-STM32-DSP/ZEABUS-STM32-DSP/Inc" -I"D:/ws/ZEABUS-STM32-DSP/ZEABUS-STM32-DSP/Drivers/STM32H7xx_HAL_Driver/Inc" -I"D:/ws/ZEABUS-STM32-DSP/ZEABUS-STM32-DSP/Drivers/STM32H7xx_HAL_Driver/Inc/Legacy" -I"D:/ws/ZEABUS-STM32-DSP/ZEABUS-STM32-DSP/Drivers/CMSIS/Device/ST/STM32H7xx/Include" -I"D:/ws/ZEABUS-STM32-DSP/ZEABUS-STM32-DSP/Drivers/CMSIS/Include"  -Og -g3 -Wall -fmessage-length=0 -ffunction-sections -c -fmessage-length=0 -MMD -MP -MF"Drivers/STM32H7xx_HAL_Driver/Src/stm32h7xx_hal_gpio.d" -MT"Drivers/STM32H7xx_HAL_Driver/Src/stm32h7xx_hal_gpio.o" -o "Drivers/STM32H7xx_HAL_Driver/Src/stm32h7xx_hal_gpio.o" "../Drivers/STM32H7xx_HAL_Driver/Src/stm32h7xx_hal_gpio.c"
Finished building: ../Drivers/STM32H7xx_HAL_Driver/Src/stm32h7xx_hal_gpio.c
 
Building file: ../Drivers/STM32H7xx_HAL_Driver/Src/stm32h7xx_hal_hsem.c
Invoking: MCU GCC Compiler
D:\ws\ZEABUS-STM32-DSP\ZEABUS-STM32-DSP\Release
arm-none-eabi-gcc -mcpu=cortex-m7 -mthumb -mfloat-abi=hard -mfpu=fpv5-d16 '-D__weak=__attribute__((weak))' '-D__packed=__attribute__((__packed__))' -DUSE_HAL_DRIVER -DSTM32H743xx -I"D:/ws/ZEABUS-STM32-DSP/ZEABUS-STM32-DSP/Inc" -I"D:/ws/ZEABUS-STM32-DSP/ZEABUS-STM32-DSP/Drivers/STM32H7xx_HAL_Driver/Inc" -I"D:/ws/ZEABUS-STM32-DSP/ZEABUS-STM32-DSP/Drivers/STM32H7xx_HAL_Driver/Inc/Legacy" -I"D:/ws/ZEABUS-STM32-DSP/ZEABUS-STM32-DSP/Drivers/CMSIS/Device/ST/STM32H7xx/Include" -I"D:/ws/ZEABUS-STM32-DSP/ZEABUS-STM32-DSP/Drivers/CMSIS/Include"  -Og -g3 -Wall -fmessage-length=0 -ffunction-sections -c -fmessage-length=0 -MMD -MP -MF"Drivers/STM32H7xx_HAL_Driver/Src/stm32h7xx_hal_hsem.d" -MT"Drivers/STM32H7xx_HAL_Driver/Src/stm32h7xx_hal_hsem.o" -o "Drivers/STM32H7xx_HAL_Driver/Src/stm32h7xx_hal_hsem.o" "../Drivers/STM32H7xx_HAL_Driver/Src/stm32h7xx_hal_hsem.c"
Finished building: ../Drivers/STM32H7xx_HAL_Driver/Src/stm32h7xx_hal_hsem.c
 
Building file: ../Drivers/STM32H7xx_HAL_Driver/Src/stm32h7xx_hal_i2c.c
Invoking: MCU GCC Compiler
D:\ws\ZEABUS-STM32-DSP\ZEABUS-STM32-DSP\Release
arm-none-eabi-gcc -mcpu=cortex-m7 -mthumb -mfloat-abi=hard -mfpu=fpv5-d16 '-D__weak=__attribute__((weak))' '-D__packed=__attribute__((__packed__))' -DUSE_HAL_DRIVER -DSTM32H743xx -I"D:/ws/ZEABUS-STM32-DSP/ZEABUS-STM32-DSP/Inc" -I"D:/ws/ZEABUS-STM32-DSP/ZEABUS-STM32-DSP/Drivers/STM32H7xx_HAL_Driver/Inc" -I"D:/ws/ZEABUS-STM32-DSP/ZEABUS-STM32-DSP/Drivers/STM32H7xx_HAL_Driver/Inc/Legacy" -I"D:/ws/ZEABUS-STM32-DSP/ZEABUS-STM32-DSP/Drivers/CMSIS/Device/ST/STM32H7xx/Include" -I"D:/ws/ZEABUS-STM32-DSP/ZEABUS-STM32-DSP/Drivers/CMSIS/Include"  -Og -g3 -Wall -fmessage-length=0 -ffunction-sections -c -fmessage-length=0 -MMD -MP -MF"Drivers/STM32H7xx_HAL_Driver/Src/stm32h7xx_hal_i2c.d" -MT"Drivers/STM32H7xx_HAL_Driver/Src/stm32h7xx_hal_i2c.o" -o "Drivers/STM32H7xx_HAL_Driver/Src/stm32h7xx_hal_i2c.o" "../Drivers/STM32H7xx_HAL_Driver/Src/stm32h7xx_hal_i2c.c"
Finished building: ../Drivers/STM32H7xx_HAL_Driver/Src/stm32h7xx_hal_i2c.c
 
Building file: ../Drivers/STM32H7xx_HAL_Driver/Src/stm32h7xx_hal_i2c_ex.c
Invoking: MCU GCC Compiler
D:\ws\ZEABUS-STM32-DSP\ZEABUS-STM32-DSP\Release
arm-none-eabi-gcc -mcpu=cortex-m7 -mthumb -mfloat-abi=hard -mfpu=fpv5-d16 '-D__weak=__attribute__((weak))' '-D__packed=__attribute__((__packed__))' -DUSE_HAL_DRIVER -DSTM32H743xx -I"D:/ws/ZEABUS-STM32-DSP/ZEABUS-STM32-DSP/Inc" -I"D:/ws/ZEABUS-STM32-DSP/ZEABUS-STM32-DSP/Drivers/STM32H7xx_HAL_Driver/Inc" -I"D:/ws/ZEABUS-STM32-DSP/ZEABUS-STM32-DSP/Drivers/STM32H7xx_HAL_Driver/Inc/Legacy" -I"D:/ws/ZEABUS-STM32-DSP/ZEABUS-STM32-DSP/Drivers/CMSIS/Device/ST/STM32H7xx/Include" -I"D:/ws/ZEABUS-STM32-DSP/ZEABUS-STM32-DSP/Drivers/CMSIS/Include"  -Og -g3 -Wall -fmessage-length=0 -ffunction-sections -c -fmessage-length=0 -MMD -MP -MF"Drivers/STM32H7xx_HAL_Driver/Src/stm32h7xx_hal_i2c_ex.d" -MT"Drivers/STM32H7xx_HAL_Driver/Src/stm32h7xx_hal_i2c_ex.o" -o "Drivers/STM32H7xx_HAL_Driver/Src/stm32h7xx_hal_i2c_ex.o" "../Drivers/STM32H7xx_HAL_Driver/Src/stm32h7xx_hal_i2c_ex.c"
Finished building: ../Drivers/STM32H7xx_HAL_Driver/Src/stm32h7xx_hal_i2c_ex.c
 
Building file: ../Drivers/STM32H7xx_HAL_Driver/Src/stm32h7xx_hal_mdma.c
Invoking: MCU GCC Compiler
D:\ws\ZEABUS-STM32-DSP\ZEABUS-STM32-DSP\Release
arm-none-eabi-gcc -mcpu=cortex-m7 -mthumb -mfloat-abi=hard -mfpu=fpv5-d16 '-D__weak=__attribute__((weak))' '-D__packed=__attribute__((__packed__))' -DUSE_HAL_DRIVER -DSTM32H743xx -I"D:/ws/ZEABUS-STM32-DSP/ZEABUS-STM32-DSP/Inc" -I"D:/ws/ZEABUS-STM32-DSP/ZEABUS-STM32-DSP/Drivers/STM32H7xx_HAL_Driver/Inc" -I"D:/ws/ZEABUS-STM32-DSP/ZEABUS-STM32-DSP/Drivers/STM32H7xx_HAL_Driver/Inc/Legacy" -I"D:/ws/ZEABUS-STM32-DSP/ZEABUS-STM32-DSP/Drivers/CMSIS/Device/ST/STM32H7xx/Include" -I"D:/ws/ZEABUS-STM32-DSP/ZEABUS-STM32-DSP/Drivers/CMSIS/Include"  -Og -g3 -Wall -fmessage-length=0 -ffunction-sections -c -fmessage-length=0 -MMD -MP -MF"Drivers/STM32H7xx_HAL_Driver/Src/stm32h7xx_hal_mdma.d" -MT"Drivers/STM32H7xx_HAL_Driver/Src/stm32h7xx_hal_mdma.o" -o "Drivers/STM32H7xx_HAL_Driver/Src/stm32h7xx_hal_mdma.o" "../Drivers/STM32H7xx_HAL_Driver/Src/stm32h7xx_hal_mdma.c"
Finished building: ../Drivers/STM32H7xx_HAL_Driver/Src/stm32h7xx_hal_mdma.c
 
Building file: ../Drivers/STM32H7xx_HAL_Driver/Src/stm32h7xx_hal_pcd.c
Invoking: MCU GCC Compiler
D:\ws\ZEABUS-STM32-DSP\ZEABUS-STM32-DSP\Release
arm-none-eabi-gcc -mcpu=cortex-m7 -mthumb -mfloat-abi=hard -mfpu=fpv5-d16 '-D__weak=__attribute__((weak))' '-D__packed=__attribute__((__packed__))' -DUSE_HAL_DRIVER -DSTM32H743xx -I"D:/ws/ZEABUS-STM32-DSP/ZEABUS-STM32-DSP/Inc" -I"D:/ws/ZEABUS-STM32-DSP/ZEABUS-STM32-DSP/Drivers/STM32H7xx_HAL_Driver/Inc" -I"D:/ws/ZEABUS-STM32-DSP/ZEABUS-STM32-DSP/Drivers/STM32H7xx_HAL_Driver/Inc/Legacy" -I"D:/ws/ZEABUS-STM32-DSP/ZEABUS-STM32-DSP/Drivers/CMSIS/Device/ST/STM32H7xx/Include" -I"D:/ws/ZEABUS-STM32-DSP/ZEABUS-STM32-DSP/Drivers/CMSIS/Include"  -Og -g3 -Wall -fmessage-length=0 -ffunction-sections -c -fmessage-length=0 -MMD -MP -MF"Drivers/STM32H7xx_HAL_Driver/Src/stm32h7xx_hal_pcd.d" -MT"Drivers/STM32H7xx_HAL_Driver/Src/stm32h7xx_hal_pcd.o" -o "Drivers/STM32H7xx_HAL_Driver/Src/stm32h7xx_hal_pcd.o" "../Drivers/STM32H7xx_HAL_Driver/Src/stm32h7xx_hal_pcd.c"
Finished building: ../Drivers/STM32H7xx_HAL_Driver/Src/stm32h7xx_hal_pcd.c
 
Building file: ../Drivers/STM32H7xx_HAL_Driver/Src/stm32h7xx_hal_pcd_ex.c
Invoking: MCU GCC Compiler
D:\ws\ZEABUS-STM32-DSP\ZEABUS-STM32-DSP\Release
arm-none-eabi-gcc -mcpu=cortex-m7 -mthumb -mfloat-abi=hard -mfpu=fpv5-d16 '-D__weak=__attribute__((weak))' '-D__packed=__attribute__((__packed__))' -DUSE_HAL_DRIVER -DSTM32H743xx -I"D:/ws/ZEABUS-STM32-DSP/ZEABUS-STM32-DSP/Inc" -I"D:/ws/ZEABUS-STM32-DSP/ZEABUS-STM32-DSP/Drivers/STM32H7xx_HAL_Driver/Inc" -I"D:/ws/ZEABUS-STM32-DSP/ZEABUS-STM32-DSP/Drivers/STM32H7xx_HAL_Driver/Inc/Legacy" -I"D:/ws/ZEABUS-STM32-DSP/ZEABUS-STM32-DSP/Drivers/CMSIS/Device/ST/STM32H7xx/Include" -I"D:/ws/ZEABUS-STM32-DSP/ZEABUS-STM32-DSP/Drivers/CMSIS/Include"  -Og -g3 -Wall -fmessage-length=0 -ffunction-sections -c -fmessage-length=0 -MMD -MP -MF"Drivers/STM32H7xx_HAL_Driver/Src/stm32h7xx_hal_pcd_ex.d" -MT"Drivers/STM32H7xx_HAL_Driver/Src/stm32h7xx_hal_pcd_ex.o" -o "Drivers/STM32H7xx_HAL_Driver/Src/stm32h7xx_hal_pcd_ex.o" "../Drivers/STM32H7xx_HAL_Driver/Src/stm32h7xx_hal_pcd_ex.c"
Finished building: ../Drivers/STM32H7xx_HAL_Driver/Src/stm32h7xx_hal_pcd_ex.c
 
Building file: ../Drivers/STM32H7xx_HAL_Driver/Src/stm32h7xx_hal_pwr.c
Invoking: MCU GCC Compiler
D:\ws\ZEABUS-STM32-DSP\ZEABUS-STM32-DSP\Release
arm-none-eabi-gcc -mcpu=cortex-m7 -mthumb -mfloat-abi=hard -mfpu=fpv5-d16 '-D__weak=__attribute__((weak))' '-D__packed=__attribute__((__packed__))' -DUSE_HAL_DRIVER -DSTM32H743xx -I"D:/ws/ZEABUS-STM32-DSP/ZEABUS-STM32-DSP/Inc" -I"D:/ws/ZEABUS-STM32-DSP/ZEABUS-STM32-DSP/Drivers/STM32H7xx_HAL_Driver/Inc" -I"D:/ws/ZEABUS-STM32-DSP/ZEABUS-STM32-DSP/Drivers/STM32H7xx_HAL_Driver/Inc/Legacy" -I"D:/ws/ZEABUS-STM32-DSP/ZEABUS-STM32-DSP/Drivers/CMSIS/Device/ST/STM32H7xx/Include" -I"D:/ws/ZEABUS-STM32-DSP/ZEABUS-STM32-DSP/Drivers/CMSIS/Include"  -Og -g3 -Wall -fmessage-length=0 -ffunction-sections -c -fmessage-length=0 -MMD -MP -MF"Drivers/STM32H7xx_HAL_Driver/Src/stm32h7xx_hal_pwr.d" -MT"Drivers/STM32H7xx_HAL_Driver/Src/stm32h7xx_hal_pwr.o" -o "Drivers/STM32H7xx_HAL_Driver/Src/stm32h7xx_hal_pwr.o" "../Drivers/STM32H7xx_HAL_Driver/Src/stm32h7xx_hal_pwr.c"
Finished building: ../Drivers/STM32H7xx_HAL_Driver/Src/stm32h7xx_hal_pwr.c
 
Building file: ../Drivers/STM32H7xx_HAL_Driver/Src/stm32h7xx_hal_pwr_ex.c
Invoking: MCU GCC Compiler
D:\ws\ZEABUS-STM32-DSP\ZEABUS-STM32-DSP\Release
arm-none-eabi-gcc -mcpu=cortex-m7 -mthumb -mfloat-abi=hard -mfpu=fpv5-d16 '-D__weak=__attribute__((weak))' '-D__packed=__attribute__((__packed__))' -DUSE_HAL_DRIVER -DSTM32H743xx -I"D:/ws/ZEABUS-STM32-DSP/ZEABUS-STM32-DSP/Inc" -I"D:/ws/ZEABUS-STM32-DSP/ZEABUS-STM32-DSP/Drivers/STM32H7xx_HAL_Driver/Inc" -I"D:/ws/ZEABUS-STM32-DSP/ZEABUS-STM32-DSP/Drivers/STM32H7xx_HAL_Driver/Inc/Legacy" -I"D:/ws/ZEABUS-STM32-DSP/ZEABUS-STM32-DSP/Drivers/CMSIS/Device/ST/STM32H7xx/Include" -I"D:/ws/ZEABUS-STM32-DSP/ZEABUS-STM32-DSP/Drivers/CMSIS/Include"  -Og -g3 -Wall -fmessage-length=0 -ffunction-sections -c -fmessage-length=0 -MMD -MP -MF"Drivers/STM32H7xx_HAL_Driver/Src/stm32h7xx_hal_pwr_ex.d" -MT"Drivers/STM32H7xx_HAL_Driver/Src/stm32h7xx_hal_pwr_ex.o" -o "Drivers/STM32H7xx_HAL_Driver/Src/stm32h7xx_hal_pwr_ex.o" "../Drivers/STM32H7xx_HAL_Driver/Src/stm32h7xx_hal_pwr_ex.c"
Finished building: ../Drivers/STM32H7xx_HAL_Driver/Src/stm32h7xx_hal_pwr_ex.c
 
Building file: ../Drivers/STM32H7xx_HAL_Driver/Src/stm32h7xx_hal_rcc.c
Invoking: MCU GCC Compiler
D:\ws\ZEABUS-STM32-DSP\ZEABUS-STM32-DSP\Release
arm-none-eabi-gcc -mcpu=cortex-m7 -mthumb -mfloat-abi=hard -mfpu=fpv5-d16 '-D__weak=__attribute__((weak))' '-D__packed=__attribute__((__packed__))' -DUSE_HAL_DRIVER -DSTM32H743xx -I"D:/ws/ZEABUS-STM32-DSP/ZEABUS-STM32-DSP/Inc" -I"D:/ws/ZEABUS-STM32-DSP/ZEABUS-STM32-DSP/Drivers/STM32H7xx_HAL_Driver/Inc" -I"D:/ws/ZEABUS-STM32-DSP/ZEABUS-STM32-DSP/Drivers/STM32H7xx_HAL_Driver/Inc/Legacy" -I"D:/ws/ZEABUS-STM32-DSP/ZEABUS-STM32-DSP/Drivers/CMSIS/Device/ST/STM32H7xx/Include" -I"D:/ws/ZEABUS-STM32-DSP/ZEABUS-STM32-DSP/Drivers/CMSIS/Include"  -Og -g3 -Wall -fmessage-length=0 -ffunction-sections -c -fmessage-length=0 -MMD -MP -MF"Drivers/STM32H7xx_HAL_Driver/Src/stm32h7xx_hal_rcc.d" -MT"Drivers/STM32H7xx_HAL_Driver/Src/stm32h7xx_hal_rcc.o" -o "Drivers/STM32H7xx_HAL_Driver/Src/stm32h7xx_hal_rcc.o" "../Drivers/STM32H7xx_HAL_Driver/Src/stm32h7xx_hal_rcc.c"
Finished building: ../Drivers/STM32H7xx_HAL_Driver/Src/stm32h7xx_hal_rcc.c
 
Building file: ../Drivers/STM32H7xx_HAL_Driver/Src/stm32h7xx_hal_rcc_ex.c
Invoking: MCU GCC Compiler
D:\ws\ZEABUS-STM32-DSP\ZEABUS-STM32-DSP\Release
arm-none-eabi-gcc -mcpu=cortex-m7 -mthumb -mfloat-abi=hard -mfpu=fpv5-d16 '-D__weak=__attribute__((weak))' '-D__packed=__attribute__((__packed__))' -DUSE_HAL_DRIVER -DSTM32H743xx -I"D:/ws/ZEABUS-STM32-DSP/ZEABUS-STM32-DSP/Inc" -I"D:/ws/ZEABUS-STM32-DSP/ZEABUS-STM32-DSP/Drivers/STM32H7xx_HAL_Driver/Inc" -I"D:/ws/ZEABUS-STM32-DSP/ZEABUS-STM32-DSP/Drivers/STM32H7xx_HAL_Driver/Inc/Legacy" -I"D:/ws/ZEABUS-STM32-DSP/ZEABUS-STM32-DSP/Drivers/CMSIS/Device/ST/STM32H7xx/Include" -I"D:/ws/ZEABUS-STM32-DSP/ZEABUS-STM32-DSP/Drivers/CMSIS/Include"  -Og -g3 -Wall -fmessage-length=0 -ffunction-sections -c -fmessage-length=0 -MMD -MP -MF"Drivers/STM32H7xx_HAL_Driver/Src/stm32h7xx_hal_rcc_ex.d" -MT"Drivers/STM32H7xx_HAL_Driver/Src/stm32h7xx_hal_rcc_ex.o" -o "Drivers/STM32H7xx_HAL_Driver/Src/stm32h7xx_hal_rcc_ex.o" "../Drivers/STM32H7xx_HAL_Driver/Src/stm32h7xx_hal_rcc_ex.c"
Finished building: ../Drivers/STM32H7xx_HAL_Driver/Src/stm32h7xx_hal_rcc_ex.c
 
Building file: ../Drivers/STM32H7xx_HAL_Driver/Src/stm32h7xx_hal_tim.c
Invoking: MCU GCC Compiler
D:\ws\ZEABUS-STM32-DSP\ZEABUS-STM32-DSP\Release
arm-none-eabi-gcc -mcpu=cortex-m7 -mthumb -mfloat-abi=hard -mfpu=fpv5-d16 '-D__weak=__attribute__((weak))' '-D__packed=__attribute__((__packed__))' -DUSE_HAL_DRIVER -DSTM32H743xx -I"D:/ws/ZEABUS-STM32-DSP/ZEABUS-STM32-DSP/Inc" -I"D:/ws/ZEABUS-STM32-DSP/ZEABUS-STM32-DSP/Drivers/STM32H7xx_HAL_Driver/Inc" -I"D:/ws/ZEABUS-STM32-DSP/ZEABUS-STM32-DSP/Drivers/STM32H7xx_HAL_Driver/Inc/Legacy" -I"D:/ws/ZEABUS-STM32-DSP/ZEABUS-STM32-DSP/Drivers/CMSIS/Device/ST/STM32H7xx/Include" -I"D:/ws/ZEABUS-STM32-DSP/ZEABUS-STM32-DSP/Drivers/CMSIS/Include"  -Og -g3 -Wall -fmessage-length=0 -ffunction-sections -c -fmessage-length=0 -MMD -MP -MF"Drivers/STM32H7xx_HAL_Driver/Src/stm32h7xx_hal_tim.d" -MT"Drivers/STM32H7xx_HAL_Driver/Src/stm32h7xx_hal_tim.o" -o "Drivers/STM32H7xx_HAL_Driver/Src/stm32h7xx_hal_tim.o" "../Drivers/STM32H7xx_HAL_Driver/Src/stm32h7xx_hal_tim.c"
Finished building: ../Drivers/STM32H7xx_HAL_Driver/Src/stm32h7xx_hal_tim.c
 
Building file: ../Drivers/STM32H7xx_HAL_Driver/Src/stm32h7xx_hal_tim_ex.c
Invoking: MCU GCC Compiler
D:\ws\ZEABUS-STM32-DSP\ZEABUS-STM32-DSP\Release
arm-none-eabi-gcc -mcpu=cortex-m7 -mthumb -mfloat-abi=hard -mfpu=fpv5-d16 '-D__weak=__attribute__((weak))' '-D__packed=__attribute__((__packed__))' -DUSE_HAL_DRIVER -DSTM32H743xx -I"D:/ws/ZEABUS-STM32-DSP/ZEABUS-STM32-DSP/Inc" -I"D:/ws/ZEABUS-STM32-DSP/ZEABUS-STM32-DSP/Drivers/STM32H7xx_HAL_Driver/Inc" -I"D:/ws/ZEABUS-STM32-DSP/ZEABUS-STM32-DSP/Drivers/STM32H7xx_HAL_Driver/Inc/Legacy" -I"D:/ws/ZEABUS-STM32-DSP/ZEABUS-STM32-DSP/Drivers/CMSIS/Device/ST/STM32H7xx/Include" -I"D:/ws/ZEABUS-STM32-DSP/ZEABUS-STM32-DSP/Drivers/CMSIS/Include"  -Og -g3 -Wall -fmessage-length=0 -ffunction-sections -c -fmessage-length=0 -MMD -MP -MF"Drivers/STM32H7xx_HAL_Driver/Src/stm32h7xx_hal_tim_ex.d" -MT"Drivers/STM32H7xx_HAL_Driver/Src/stm32h7xx_hal_tim_ex.o" -o "Drivers/STM32H7xx_HAL_Driver/Src/stm32h7xx_hal_tim_ex.o" "../Drivers/STM32H7xx_HAL_Driver/Src/stm32h7xx_hal_tim_ex.c"
Finished building: ../Drivers/STM32H7xx_HAL_Driver/Src/stm32h7xx_hal_tim_ex.c
 
Building file: ../Drivers/STM32H7xx_HAL_Driver/Src/stm32h7xx_hal_uart.c
Invoking: MCU GCC Compiler
D:\ws\ZEABUS-STM32-DSP\ZEABUS-STM32-DSP\Release
arm-none-eabi-gcc -mcpu=cortex-m7 -mthumb -mfloat-abi=hard -mfpu=fpv5-d16 '-D__weak=__attribute__((weak))' '-D__packed=__attribute__((__packed__))' -DUSE_HAL_DRIVER -DSTM32H743xx -I"D:/ws/ZEABUS-STM32-DSP/ZEABUS-STM32-DSP/Inc" -I"D:/ws/ZEABUS-STM32-DSP/ZEABUS-STM32-DSP/Drivers/STM32H7xx_HAL_Driver/Inc" -I"D:/ws/ZEABUS-STM32-DSP/ZEABUS-STM32-DSP/Drivers/STM32H7xx_HAL_Driver/Inc/Legacy" -I"D:/ws/ZEABUS-STM32-DSP/ZEABUS-STM32-DSP/Drivers/CMSIS/Device/ST/STM32H7xx/Include" -I"D:/ws/ZEABUS-STM32-DSP/ZEABUS-STM32-DSP/Drivers/CMSIS/Include"  -Og -g3 -Wall -fmessage-length=0 -ffunction-sections -c -fmessage-length=0 -MMD -MP -MF"Drivers/STM32H7xx_HAL_Driver/Src/stm32h7xx_hal_uart.d" -MT"Drivers/STM32H7xx_HAL_Driver/Src/stm32h7xx_hal_uart.o" -o "Drivers/STM32H7xx_HAL_Driver/Src/stm32h7xx_hal_uart.o" "../Drivers/STM32H7xx_HAL_Driver/Src/stm32h7xx_hal_uart.c"
Finished building: ../Drivers/STM32H7xx_HAL_Driver/Src/stm32h7xx_hal_uart.c
 
Building file: ../Drivers/STM32H7xx_HAL_Driver/Src/stm32h7xx_hal_uart_ex.c
Invoking: MCU GCC Compiler
D:\ws\ZEABUS-STM32-DSP\ZEABUS-STM32-DSP\Release
arm-none-eabi-gcc -mcpu=cortex-m7 -mthumb -mfloat-abi=hard -mfpu=fpv5-d16 '-D__weak=__attribute__((weak))' '-D__packed=__attribute__((__packed__))' -DUSE_HAL_DRIVER -DSTM32H743xx -I"D:/ws/ZEABUS-STM32-DSP/ZEABUS-STM32-DSP/Inc" -I"D:/ws/ZEABUS-STM32-DSP/ZEABUS-STM32-DSP/Drivers/STM32H7xx_HAL_Driver/Inc" -I"D:/ws/ZEABUS-STM32-DSP/ZEABUS-STM32-DSP/Drivers/STM32H7xx_HAL_Driver/Inc/Legacy" -I"D:/ws/ZEABUS-STM32-DSP/ZEABUS-STM32-DSP/Drivers/CMSIS/Device/ST/STM32H7xx/Include" -I"D:/ws/ZEABUS-STM32-DSP/ZEABUS-STM32-DSP/Drivers/CMSIS/Include"  -Og -g3 -Wall -fmessage-length=0 -ffunction-sections -c -fmessage-length=0 -MMD -MP -MF"Drivers/STM32H7xx_HAL_Driver/Src/stm32h7xx_hal_uart_ex.d" -MT"Drivers/STM32H7xx_HAL_Driver/Src/stm32h7xx_hal_uart_ex.o" -o "Drivers/STM32H7xx_HAL_Driver/Src/stm32h7xx_hal_uart_ex.o" "../Drivers/STM32H7xx_HAL_Driver/Src/stm32h7xx_hal_uart_ex.c"
Finished building: ../Drivers/STM32H7xx_HAL_Driver/Src/stm32h7xx_hal_uart_ex.c
 
Building file: ../Drivers/STM32H7xx_HAL_Driver/Src/stm32h7xx_ll_usb.c
Invoking: MCU GCC Compiler
D:\ws\ZEABUS-STM32-DSP\ZEABUS-STM32-DSP\Release
arm-none-eabi-gcc -mcpu=cortex-m7 -mthumb -mfloat-abi=hard -mfpu=fpv5-d16 '-D__weak=__attribute__((weak))' '-D__packed=__attribute__((__packed__))' -DUSE_HAL_DRIVER -DSTM32H743xx -I"D:/ws/ZEABUS-STM32-DSP/ZEABUS-STM32-DSP/Inc" -I"D:/ws/ZEABUS-STM32-DSP/ZEABUS-STM32-DSP/Drivers/STM32H7xx_HAL_Driver/Inc" -I"D:/ws/ZEABUS-STM32-DSP/ZEABUS-STM32-DSP/Drivers/STM32H7xx_HAL_Driver/Inc/Legacy" -I"D:/ws/ZEABUS-STM32-DSP/ZEABUS-STM32-DSP/Drivers/CMSIS/Device/ST/STM32H7xx/Include" -I"D:/ws/ZEABUS-STM32-DSP/ZEABUS-STM32-DSP/Drivers/CMSIS/Include"  -Og -g3 -Wall -fmessage-length=0 -ffunction-sections -c -fmessage-length=0 -MMD -MP -MF"Drivers/STM32H7xx_HAL_Driver/Src/stm32h7xx_ll_usb.d" -MT"Drivers/STM32H7xx_HAL_Driver/Src/stm32h7xx_ll_usb.o" -o "Drivers/STM32H7xx_HAL_Driver/Src/stm32h7xx_ll_usb.o" "../Drivers/STM32H7xx_HAL_Driver/Src/stm32h7xx_ll_usb.c"
Finished building: ../Drivers/STM32H7xx_HAL_Driver/Src/stm32h7xx_ll_usb.c
 
Building target: ZEABUS-STM32-DSP.elf
Invoking: MCU GCC Linker
arm-none-eabi-gcc -mcpu=cortex-m7 -mthumb -mfloat-abi=hard -mfpu=fpv5-d16 -specs=nosys.specs -specs=nano.specs -T"../STM32H743ZITx_FLASH.ld" -Wl,-Map=output.map -Wl,--gc-sections -o "ZEABUS-STM32-DSP.elf" @"objects.list"   -lm
Finished building target: ZEABUS-STM32-DSP.elf
 
make --no-print-directory post-build
Generating binary and Printing size information:
arm-none-eabi-objcopy -O binary "ZEABUS-STM32-DSP.elf" "ZEABUS-STM32-DSP.bin"
arm-none-eabi-size "ZEABUS-STM32-DSP.elf"
   text	   data	    bss	    dec	    hex	filename
  20956	     24	  19464	  40444	   9dfc	ZEABUS-STM32-DSP.elf
 
20:00:35 **** Incremental Build of configuration Debug for project ZEABUS-STM32-DSP ****
make all 
make: Nothing to be done for 'all'.
20:00:49 **** Incremental Build of configuration Debug for project ZEABUS-STM32-DSP ****
make all 
make: Nothing to be done for 'all'.
20:00:58 **** Incremental Build of configuration Debug for project ZEABUS-STM32-DSP ****
make all 
make: Nothing to be done for 'all'.
20:02:21 **** Incremental Build of configuration Release for project ZEABUS-STM32-DSP ****
make all 
Building file: ../Src/main.c
Invoking: MCU GCC Compiler
D:\ws\ZEABUS-STM32-DSP\ZEABUS-STM32-DSP\Release
arm-none-eabi-gcc -mcpu=cortex-m7 -mthumb -mfloat-abi=hard -mfpu=fpv5-d16 '-D__weak=__attribute__((weak))' '-D__packed=__attribute__((__packed__))' -DUSE_HAL_DRIVER -DSTM32H743xx -I"D:/ws/ZEABUS-STM32-DSP/ZEABUS-STM32-DSP/Inc" -I"D:/ws/ZEABUS-STM32-DSP/ZEABUS-STM32-DSP/Drivers/STM32H7xx_HAL_Driver/Inc" -I"D:/ws/ZEABUS-STM32-DSP/ZEABUS-STM32-DSP/Drivers/STM32H7xx_HAL_Driver/Inc/Legacy" -I"D:/ws/ZEABUS-STM32-DSP/ZEABUS-STM32-DSP/Drivers/CMSIS/Device/ST/STM32H7xx/Include" -I"D:/ws/ZEABUS-STM32-DSP/ZEABUS-STM32-DSP/Drivers/CMSIS/Include"  -Og -g3 -Wall -fmessage-length=0 -ffunction-sections -c -fmessage-length=0 -MMD -MP -MF"Src/main.d" -MT"Src/main.o" -o "Src/main.o" "../Src/main.c"
Finished building: ../Src/main.c
 
Building target: ZEABUS-STM32-DSP.elf
Invoking: MCU GCC Linker
arm-none-eabi-gcc -mcpu=cortex-m7 -mthumb -mfloat-abi=hard -mfpu=fpv5-d16 -specs=nosys.specs -specs=nano.specs -T"../STM32H743ZITx_FLASH.ld" -Wl,-Map=output.map -Wl,--gc-sections -o "ZEABUS-STM32-DSP.elf" @"objects.list"   -lm
Finished building target: ZEABUS-STM32-DSP.elf
 
make --no-print-directory post-build
Generating binary and Printing size information:
arm-none-eabi-objcopy -O binary "ZEABUS-STM32-DSP.elf" "ZEABUS-STM32-DSP.bin"
arm-none-eabi-size "ZEABUS-STM32-DSP.elf"
   text	   data	    bss	    dec	    hex	filename
  20988	     24	  19464	  40476	   9e1c	ZEABUS-STM32-DSP.elf
 
20:02:30 **** Incremental Build of configuration Debug for project ZEABUS-STM32-DSP ****
make all 
Building file: ../Src/main.c
Invoking: MCU GCC Compiler
D:\ws\ZEABUS-STM32-DSP\ZEABUS-STM32-DSP\Debug
arm-none-eabi-gcc -mcpu=cortex-m7 -mthumb -mfloat-abi=hard -mfpu=fpv5-d16 '-D__weak=__attribute__((weak))' '-D__packed=__attribute__((__packed__))' -DUSE_HAL_DRIVER -DSTM32H743xx -I"D:/ws/ZEABUS-STM32-DSP/ZEABUS-STM32-DSP/Inc" -I"D:/ws/ZEABUS-STM32-DSP/ZEABUS-STM32-DSP/Drivers/STM32H7xx_HAL_Driver/Inc" -I"D:/ws/ZEABUS-STM32-DSP/ZEABUS-STM32-DSP/Drivers/STM32H7xx_HAL_Driver/Inc/Legacy" -I"D:/ws/ZEABUS-STM32-DSP/ZEABUS-STM32-DSP/Drivers/CMSIS/Device/ST/STM32H7xx/Include" -I"D:/ws/ZEABUS-STM32-DSP/ZEABUS-STM32-DSP/Drivers/CMSIS/Include"  -Og -g3 -Wall -fmessage-length=0 -ffunction-sections -c -fmessage-length=0 -MMD -MP -MF"Src/main.d" -MT"Src/main.o" -o "Src/main.o" "../Src/main.c"
Finished building: ../Src/main.c
 
Building target: ZEABUS-STM32-DSP.elf
Invoking: MCU GCC Linker
arm-none-eabi-gcc -mcpu=cortex-m7 -mthumb -mfloat-abi=hard -mfpu=fpv5-d16 -specs=nosys.specs -specs=nano.specs -T"../STM32H743ZITx_FLASH.ld" -Wl,-Map=output.map -Wl,--gc-sections -o "ZEABUS-STM32-DSP.elf" @"objects.list"   -lm
Finished building target: ZEABUS-STM32-DSP.elf
 
make --no-print-directory post-build
Generating binary and Printing size information:
arm-none-eabi-objcopy -O binary "ZEABUS-STM32-DSP.elf" "ZEABUS-STM32-DSP.bin"
arm-none-eabi-size "ZEABUS-STM32-DSP.elf"
   text	   data	    bss	    dec	    hex	filename
  20988	     24	  19464	  40476	   9e1c	ZEABUS-STM32-DSP.elf
 
20:04:22 **** Incremental Build of configuration Release for project ZEABUS-STM32-DSP ****
make all 
Building file: ../Src/adc.c
Invoking: MCU GCC Compiler
D:\ws\ZEABUS-STM32-DSP\ZEABUS-STM32-DSP\Release
arm-none-eabi-gcc -mcpu=cortex-m7 -mthumb -mfloat-abi=hard -mfpu=fpv5-d16 '-D__weak=__attribute__((weak))' '-D__packed=__attribute__((__packed__))' -DUSE_HAL_DRIVER -DSTM32H743xx -I"D:/ws/ZEABUS-STM32-DSP/ZEABUS-STM32-DSP/Inc" -I"D:/ws/ZEABUS-STM32-DSP/ZEABUS-STM32-DSP/Drivers/STM32H7xx_HAL_Driver/Inc" -I"D:/ws/ZEABUS-STM32-DSP/ZEABUS-STM32-DSP/Drivers/STM32H7xx_HAL_Driver/Inc/Legacy" -I"D:/ws/ZEABUS-STM32-DSP/ZEABUS-STM32-DSP/Drivers/CMSIS/Device/ST/STM32H7xx/Include" -I"D:/ws/ZEABUS-STM32-DSP/ZEABUS-STM32-DSP/Drivers/CMSIS/Include"  -Og -g3 -Wall -fmessage-length=0 -ffunction-sections -c -fmessage-length=0 -MMD -MP -MF"Src/adc.d" -MT"Src/adc.o" -o "Src/adc.o" "../Src/adc.c"
Finished building: ../Src/adc.c
 
Building file: ../Src/gpio.c
Invoking: MCU GCC Compiler
D:\ws\ZEABUS-STM32-DSP\ZEABUS-STM32-DSP\Release
arm-none-eabi-gcc -mcpu=cortex-m7 -mthumb -mfloat-abi=hard -mfpu=fpv5-d16 '-D__weak=__attribute__((weak))' '-D__packed=__attribute__((__packed__))' -DUSE_HAL_DRIVER -DSTM32H743xx -I"D:/ws/ZEABUS-STM32-DSP/ZEABUS-STM32-DSP/Inc" -I"D:/ws/ZEABUS-STM32-DSP/ZEABUS-STM32-DSP/Drivers/STM32H7xx_HAL_Driver/Inc" -I"D:/ws/ZEABUS-STM32-DSP/ZEABUS-STM32-DSP/Drivers/STM32H7xx_HAL_Driver/Inc/Legacy" -I"D:/ws/ZEABUS-STM32-DSP/ZEABUS-STM32-DSP/Drivers/CMSIS/Device/ST/STM32H7xx/Include" -I"D:/ws/ZEABUS-STM32-DSP/ZEABUS-STM32-DSP/Drivers/CMSIS/Include"  -Og -g3 -Wall -fmessage-length=0 -ffunction-sections -c -fmessage-length=0 -MMD -MP -MF"Src/gpio.d" -MT"Src/gpio.o" -o "Src/gpio.o" "../Src/gpio.c"
Finished building: ../Src/gpio.c
 
Building file: ../Src/i2c.c
Invoking: MCU GCC Compiler
D:\ws\ZEABUS-STM32-DSP\ZEABUS-STM32-DSP\Release
arm-none-eabi-gcc -mcpu=cortex-m7 -mthumb -mfloat-abi=hard -mfpu=fpv5-d16 '-D__weak=__attribute__((weak))' '-D__packed=__attribute__((__packed__))' -DUSE_HAL_DRIVER -DSTM32H743xx -I"D:/ws/ZEABUS-STM32-DSP/ZEABUS-STM32-DSP/Inc" -I"D:/ws/ZEABUS-STM32-DSP/ZEABUS-STM32-DSP/Drivers/STM32H7xx_HAL_Driver/Inc" -I"D:/ws/ZEABUS-STM32-DSP/ZEABUS-STM32-DSP/Drivers/STM32H7xx_HAL_Driver/Inc/Legacy" -I"D:/ws/ZEABUS-STM32-DSP/ZEABUS-STM32-DSP/Drivers/CMSIS/Device/ST/STM32H7xx/Include" -I"D:/ws/ZEABUS-STM32-DSP/ZEABUS-STM32-DSP/Drivers/CMSIS/Include"  -Og -g3 -Wall -fmessage-length=0 -ffunction-sections -c -fmessage-length=0 -MMD -MP -MF"Src/i2c.d" -MT"Src/i2c.o" -o "Src/i2c.o" "../Src/i2c.c"
Finished building: ../Src/i2c.c
 
Building file: ../Src/main.c
Invoking: MCU GCC Compiler
D:\ws\ZEABUS-STM32-DSP\ZEABUS-STM32-DSP\Release
arm-none-eabi-gcc -mcpu=cortex-m7 -mthumb -mfloat-abi=hard -mfpu=fpv5-d16 '-D__weak=__attribute__((weak))' '-D__packed=__attribute__((__packed__))' -DUSE_HAL_DRIVER -DSTM32H743xx -I"D:/ws/ZEABUS-STM32-DSP/ZEABUS-STM32-DSP/Inc" -I"D:/ws/ZEABUS-STM32-DSP/ZEABUS-STM32-DSP/Drivers/STM32H7xx_HAL_Driver/Inc" -I"D:/ws/ZEABUS-STM32-DSP/ZEABUS-STM32-DSP/Drivers/STM32H7xx_HAL_Driver/Inc/Legacy" -I"D:/ws/ZEABUS-STM32-DSP/ZEABUS-STM32-DSP/Drivers/CMSIS/Device/ST/STM32H7xx/Include" -I"D:/ws/ZEABUS-STM32-DSP/ZEABUS-STM32-DSP/Drivers/CMSIS/Include"  -Og -g3 -Wall -fmessage-length=0 -ffunction-sections -c -fmessage-length=0 -MMD -MP -MF"Src/main.d" -MT"Src/main.o" -o "Src/main.o" "../Src/main.c"
Finished building: ../Src/main.c
 
Building file: ../Src/stm32h7xx_hal_msp.c
Invoking: MCU GCC Compiler
D:\ws\ZEABUS-STM32-DSP\ZEABUS-STM32-DSP\Release
arm-none-eabi-gcc -mcpu=cortex-m7 -mthumb -mfloat-abi=hard -mfpu=fpv5-d16 '-D__weak=__attribute__((weak))' '-D__packed=__attribute__((__packed__))' -DUSE_HAL_DRIVER -DSTM32H743xx -I"D:/ws/ZEABUS-STM32-DSP/ZEABUS-STM32-DSP/Inc" -I"D:/ws/ZEABUS-STM32-DSP/ZEABUS-STM32-DSP/Drivers/STM32H7xx_HAL_Driver/Inc" -I"D:/ws/ZEABUS-STM32-DSP/ZEABUS-STM32-DSP/Drivers/STM32H7xx_HAL_Driver/Inc/Legacy" -I"D:/ws/ZEABUS-STM32-DSP/ZEABUS-STM32-DSP/Drivers/CMSIS/Device/ST/STM32H7xx/Include" -I"D:/ws/ZEABUS-STM32-DSP/ZEABUS-STM32-DSP/Drivers/CMSIS/Include"  -Og -g3 -Wall -fmessage-length=0 -ffunction-sections -c -fmessage-length=0 -MMD -MP -MF"Src/stm32h7xx_hal_msp.d" -MT"Src/stm32h7xx_hal_msp.o" -o "Src/stm32h7xx_hal_msp.o" "../Src/stm32h7xx_hal_msp.c"
Finished building: ../Src/stm32h7xx_hal_msp.c
 
Building file: ../Src/stm32h7xx_it.c
Invoking: MCU GCC Compiler
D:\ws\ZEABUS-STM32-DSP\ZEABUS-STM32-DSP\Release
arm-none-eabi-gcc -mcpu=cortex-m7 -mthumb -mfloat-abi=hard -mfpu=fpv5-d16 '-D__weak=__attribute__((weak))' '-D__packed=__attribute__((__packed__))' -DUSE_HAL_DRIVER -DSTM32H743xx -I"D:/ws/ZEABUS-STM32-DSP/ZEABUS-STM32-DSP/Inc" -I"D:/ws/ZEABUS-STM32-DSP/ZEABUS-STM32-DSP/Drivers/STM32H7xx_HAL_Driver/Inc" -I"D:/ws/ZEABUS-STM32-DSP/ZEABUS-STM32-DSP/Drivers/STM32H7xx_HAL_Driver/Inc/Legacy" -I"D:/ws/ZEABUS-STM32-DSP/ZEABUS-STM32-DSP/Drivers/CMSIS/Device/ST/STM32H7xx/Include" -I"D:/ws/ZEABUS-STM32-DSP/ZEABUS-STM32-DSP/Drivers/CMSIS/Include"  -Og -g3 -Wall -fmessage-length=0 -ffunction-sections -c -fmessage-length=0 -MMD -MP -MF"Src/stm32h7xx_it.d" -MT"Src/stm32h7xx_it.o" -o "Src/stm32h7xx_it.o" "../Src/stm32h7xx_it.c"
Finished building: ../Src/stm32h7xx_it.c
 
Building file: ../Src/system_stm32h7xx.c
Invoking: MCU GCC Compiler
D:\ws\ZEABUS-STM32-DSP\ZEABUS-STM32-DSP\Release
arm-none-eabi-gcc -mcpu=cortex-m7 -mthumb -mfloat-abi=hard -mfpu=fpv5-d16 '-D__weak=__attribute__((weak))' '-D__packed=__attribute__((__packed__))' -DUSE_HAL_DRIVER -DSTM32H743xx -I"D:/ws/ZEABUS-STM32-DSP/ZEABUS-STM32-DSP/Inc" -I"D:/ws/ZEABUS-STM32-DSP/ZEABUS-STM32-DSP/Drivers/STM32H7xx_HAL_Driver/Inc" -I"D:/ws/ZEABUS-STM32-DSP/ZEABUS-STM32-DSP/Drivers/STM32H7xx_HAL_Driver/Inc/Legacy" -I"D:/ws/ZEABUS-STM32-DSP/ZEABUS-STM32-DSP/Drivers/CMSIS/Device/ST/STM32H7xx/Include" -I"D:/ws/ZEABUS-STM32-DSP/ZEABUS-STM32-DSP/Drivers/CMSIS/Include"  -Og -g3 -Wall -fmessage-length=0 -ffunction-sections -c -fmessage-length=0 -MMD -MP -MF"Src/system_stm32h7xx.d" -MT"Src/system_stm32h7xx.o" -o "Src/system_stm32h7xx.o" "../Src/system_stm32h7xx.c"
Finished building: ../Src/system_stm32h7xx.c
 
Building file: ../Src/tim.c
Invoking: MCU GCC Compiler
D:\ws\ZEABUS-STM32-DSP\ZEABUS-STM32-DSP\Release
arm-none-eabi-gcc -mcpu=cortex-m7 -mthumb -mfloat-abi=hard -mfpu=fpv5-d16 '-D__weak=__attribute__((weak))' '-D__packed=__attribute__((__packed__))' -DUSE_HAL_DRIVER -DSTM32H743xx -I"D:/ws/ZEABUS-STM32-DSP/ZEABUS-STM32-DSP/Inc" -I"D:/ws/ZEABUS-STM32-DSP/ZEABUS-STM32-DSP/Drivers/STM32H7xx_HAL_Driver/Inc" -I"D:/ws/ZEABUS-STM32-DSP/ZEABUS-STM32-DSP/Drivers/STM32H7xx_HAL_Driver/Inc/Legacy" -I"D:/ws/ZEABUS-STM32-DSP/ZEABUS-STM32-DSP/Drivers/CMSIS/Device/ST/STM32H7xx/Include" -I"D:/ws/ZEABUS-STM32-DSP/ZEABUS-STM32-DSP/Drivers/CMSIS/Include"  -Og -g3 -Wall -fmessage-length=0 -ffunction-sections -c -fmessage-length=0 -MMD -MP -MF"Src/tim.d" -MT"Src/tim.o" -o "Src/tim.o" "../Src/tim.c"
Finished building: ../Src/tim.c
 
Building file: ../Src/usart.c
Invoking: MCU GCC Compiler
D:\ws\ZEABUS-STM32-DSP\ZEABUS-STM32-DSP\Release
arm-none-eabi-gcc -mcpu=cortex-m7 -mthumb -mfloat-abi=hard -mfpu=fpv5-d16 '-D__weak=__attribute__((weak))' '-D__packed=__attribute__((__packed__))' -DUSE_HAL_DRIVER -DSTM32H743xx -I"D:/ws/ZEABUS-STM32-DSP/ZEABUS-STM32-DSP/Inc" -I"D:/ws/ZEABUS-STM32-DSP/ZEABUS-STM32-DSP/Drivers/STM32H7xx_HAL_Driver/Inc" -I"D:/ws/ZEABUS-STM32-DSP/ZEABUS-STM32-DSP/Drivers/STM32H7xx_HAL_Driver/Inc/Legacy" -I"D:/ws/ZEABUS-STM32-DSP/ZEABUS-STM32-DSP/Drivers/CMSIS/Device/ST/STM32H7xx/Include" -I"D:/ws/ZEABUS-STM32-DSP/ZEABUS-STM32-DSP/Drivers/CMSIS/Include"  -Og -g3 -Wall -fmessage-length=0 -ffunction-sections -c -fmessage-length=0 -MMD -MP -MF"Src/usart.d" -MT"Src/usart.o" -o "Src/usart.o" "../Src/usart.c"
Finished building: ../Src/usart.c
 
Building file: ../Src/usb_otg.c
Invoking: MCU GCC Compiler
D:\ws\ZEABUS-STM32-DSP\ZEABUS-STM32-DSP\Release
arm-none-eabi-gcc -mcpu=cortex-m7 -mthumb -mfloat-abi=hard -mfpu=fpv5-d16 '-D__weak=__attribute__((weak))' '-D__packed=__attribute__((__packed__))' -DUSE_HAL_DRIVER -DSTM32H743xx -I"D:/ws/ZEABUS-STM32-DSP/ZEABUS-STM32-DSP/Inc" -I"D:/ws/ZEABUS-STM32-DSP/ZEABUS-STM32-DSP/Drivers/STM32H7xx_HAL_Driver/Inc" -I"D:/ws/ZEABUS-STM32-DSP/ZEABUS-STM32-DSP/Drivers/STM32H7xx_HAL_Driver/Inc/Legacy" -I"D:/ws/ZEABUS-STM32-DSP/ZEABUS-STM32-DSP/Drivers/CMSIS/Device/ST/STM32H7xx/Include" -I"D:/ws/ZEABUS-STM32-DSP/ZEABUS-STM32-DSP/Drivers/CMSIS/Include"  -Og -g3 -Wall -fmessage-length=0 -ffunction-sections -c -fmessage-length=0 -MMD -MP -MF"Src/usb_otg.d" -MT"Src/usb_otg.o" -o "Src/usb_otg.o" "../Src/usb_otg.c"
Finished building: ../Src/usb_otg.c
 
Building file: ../Drivers/STM32H7xx_HAL_Driver/Src/stm32h7xx_hal.c
Invoking: MCU GCC Compiler
D:\ws\ZEABUS-STM32-DSP\ZEABUS-STM32-DSP\Release
arm-none-eabi-gcc -mcpu=cortex-m7 -mthumb -mfloat-abi=hard -mfpu=fpv5-d16 '-D__weak=__attribute__((weak))' '-D__packed=__attribute__((__packed__))' -DUSE_HAL_DRIVER -DSTM32H743xx -I"D:/ws/ZEABUS-STM32-DSP/ZEABUS-STM32-DSP/Inc" -I"D:/ws/ZEABUS-STM32-DSP/ZEABUS-STM32-DSP/Drivers/STM32H7xx_HAL_Driver/Inc" -I"D:/ws/ZEABUS-STM32-DSP/ZEABUS-STM32-DSP/Drivers/STM32H7xx_HAL_Driver/Inc/Legacy" -I"D:/ws/ZEABUS-STM32-DSP/ZEABUS-STM32-DSP/Drivers/CMSIS/Device/ST/STM32H7xx/Include" -I"D:/ws/ZEABUS-STM32-DSP/ZEABUS-STM32-DSP/Drivers/CMSIS/Include"  -Og -g3 -Wall -fmessage-length=0 -ffunction-sections -c -fmessage-length=0 -MMD -MP -MF"Drivers/STM32H7xx_HAL_Driver/Src/stm32h7xx_hal.d" -MT"Drivers/STM32H7xx_HAL_Driver/Src/stm32h7xx_hal.o" -o "Drivers/STM32H7xx_HAL_Driver/Src/stm32h7xx_hal.o" "../Drivers/STM32H7xx_HAL_Driver/Src/stm32h7xx_hal.c"
Finished building: ../Drivers/STM32H7xx_HAL_Driver/Src/stm32h7xx_hal.c
 
Building file: ../Drivers/STM32H7xx_HAL_Driver/Src/stm32h7xx_hal_adc.c
Invoking: MCU GCC Compiler
D:\ws\ZEABUS-STM32-DSP\ZEABUS-STM32-DSP\Release
arm-none-eabi-gcc -mcpu=cortex-m7 -mthumb -mfloat-abi=hard -mfpu=fpv5-d16 '-D__weak=__attribute__((weak))' '-D__packed=__attribute__((__packed__))' -DUSE_HAL_DRIVER -DSTM32H743xx -I"D:/ws/ZEABUS-STM32-DSP/ZEABUS-STM32-DSP/Inc" -I"D:/ws/ZEABUS-STM32-DSP/ZEABUS-STM32-DSP/Drivers/STM32H7xx_HAL_Driver/Inc" -I"D:/ws/ZEABUS-STM32-DSP/ZEABUS-STM32-DSP/Drivers/STM32H7xx_HAL_Driver/Inc/Legacy" -I"D:/ws/ZEABUS-STM32-DSP/ZEABUS-STM32-DSP/Drivers/CMSIS/Device/ST/STM32H7xx/Include" -I"D:/ws/ZEABUS-STM32-DSP/ZEABUS-STM32-DSP/Drivers/CMSIS/Include"  -Og -g3 -Wall -fmessage-length=0 -ffunction-sections -c -fmessage-length=0 -MMD -MP -MF"Drivers/STM32H7xx_HAL_Driver/Src/stm32h7xx_hal_adc.d" -MT"Drivers/STM32H7xx_HAL_Driver/Src/stm32h7xx_hal_adc.o" -o "Drivers/STM32H7xx_HAL_Driver/Src/stm32h7xx_hal_adc.o" "../Drivers/STM32H7xx_HAL_Driver/Src/stm32h7xx_hal_adc.c"
Finished building: ../Drivers/STM32H7xx_HAL_Driver/Src/stm32h7xx_hal_adc.c
 
Building file: ../Drivers/STM32H7xx_HAL_Driver/Src/stm32h7xx_hal_adc_ex.c
Invoking: MCU GCC Compiler
D:\ws\ZEABUS-STM32-DSP\ZEABUS-STM32-DSP\Release
arm-none-eabi-gcc -mcpu=cortex-m7 -mthumb -mfloat-abi=hard -mfpu=fpv5-d16 '-D__weak=__attribute__((weak))' '-D__packed=__attribute__((__packed__))' -DUSE_HAL_DRIVER -DSTM32H743xx -I"D:/ws/ZEABUS-STM32-DSP/ZEABUS-STM32-DSP/Inc" -I"D:/ws/ZEABUS-STM32-DSP/ZEABUS-STM32-DSP/Drivers/STM32H7xx_HAL_Driver/Inc" -I"D:/ws/ZEABUS-STM32-DSP/ZEABUS-STM32-DSP/Drivers/STM32H7xx_HAL_Driver/Inc/Legacy" -I"D:/ws/ZEABUS-STM32-DSP/ZEABUS-STM32-DSP/Drivers/CMSIS/Device/ST/STM32H7xx/Include" -I"D:/ws/ZEABUS-STM32-DSP/ZEABUS-STM32-DSP/Drivers/CMSIS/Include"  -Og -g3 -Wall -fmessage-length=0 -ffunction-sections -c -fmessage-length=0 -MMD -MP -MF"Drivers/STM32H7xx_HAL_Driver/Src/stm32h7xx_hal_adc_ex.d" -MT"Drivers/STM32H7xx_HAL_Driver/Src/stm32h7xx_hal_adc_ex.o" -o "Drivers/STM32H7xx_HAL_Driver/Src/stm32h7xx_hal_adc_ex.o" "../Drivers/STM32H7xx_HAL_Driver/Src/stm32h7xx_hal_adc_ex.c"
Finished building: ../Drivers/STM32H7xx_HAL_Driver/Src/stm32h7xx_hal_adc_ex.c
 
Building file: ../Drivers/STM32H7xx_HAL_Driver/Src/stm32h7xx_hal_cortex.c
Invoking: MCU GCC Compiler
D:\ws\ZEABUS-STM32-DSP\ZEABUS-STM32-DSP\Release
arm-none-eabi-gcc -mcpu=cortex-m7 -mthumb -mfloat-abi=hard -mfpu=fpv5-d16 '-D__weak=__attribute__((weak))' '-D__packed=__attribute__((__packed__))' -DUSE_HAL_DRIVER -DSTM32H743xx -I"D:/ws/ZEABUS-STM32-DSP/ZEABUS-STM32-DSP/Inc" -I"D:/ws/ZEABUS-STM32-DSP/ZEABUS-STM32-DSP/Drivers/STM32H7xx_HAL_Driver/Inc" -I"D:/ws/ZEABUS-STM32-DSP/ZEABUS-STM32-DSP/Drivers/STM32H7xx_HAL_Driver/Inc/Legacy" -I"D:/ws/ZEABUS-STM32-DSP/ZEABUS-STM32-DSP/Drivers/CMSIS/Device/ST/STM32H7xx/Include" -I"D:/ws/ZEABUS-STM32-DSP/ZEABUS-STM32-DSP/Drivers/CMSIS/Include"  -Og -g3 -Wall -fmessage-length=0 -ffunction-sections -c -fmessage-length=0 -MMD -MP -MF"Drivers/STM32H7xx_HAL_Driver/Src/stm32h7xx_hal_cortex.d" -MT"Drivers/STM32H7xx_HAL_Driver/Src/stm32h7xx_hal_cortex.o" -o "Drivers/STM32H7xx_HAL_Driver/Src/stm32h7xx_hal_cortex.o" "../Drivers/STM32H7xx_HAL_Driver/Src/stm32h7xx_hal_cortex.c"
Finished building: ../Drivers/STM32H7xx_HAL_Driver/Src/stm32h7xx_hal_cortex.c
 
Building file: ../Drivers/STM32H7xx_HAL_Driver/Src/stm32h7xx_hal_dma.c
Invoking: MCU GCC Compiler
D:\ws\ZEABUS-STM32-DSP\ZEABUS-STM32-DSP\Release
arm-none-eabi-gcc -mcpu=cortex-m7 -mthumb -mfloat-abi=hard -mfpu=fpv5-d16 '-D__weak=__attribute__((weak))' '-D__packed=__attribute__((__packed__))' -DUSE_HAL_DRIVER -DSTM32H743xx -I"D:/ws/ZEABUS-STM32-DSP/ZEABUS-STM32-DSP/Inc" -I"D:/ws/ZEABUS-STM32-DSP/ZEABUS-STM32-DSP/Drivers/STM32H7xx_HAL_Driver/Inc" -I"D:/ws/ZEABUS-STM32-DSP/ZEABUS-STM32-DSP/Drivers/STM32H7xx_HAL_Driver/Inc/Legacy" -I"D:/ws/ZEABUS-STM32-DSP/ZEABUS-STM32-DSP/Drivers/CMSIS/Device/ST/STM32H7xx/Include" -I"D:/ws/ZEABUS-STM32-DSP/ZEABUS-STM32-DSP/Drivers/CMSIS/Include"  -Og -g3 -Wall -fmessage-length=0 -ffunction-sections -c -fmessage-length=0 -MMD -MP -MF"Drivers/STM32H7xx_HAL_Driver/Src/stm32h7xx_hal_dma.d" -MT"Drivers/STM32H7xx_HAL_Driver/Src/stm32h7xx_hal_dma.o" -o "Drivers/STM32H7xx_HAL_Driver/Src/stm32h7xx_hal_dma.o" "../Drivers/STM32H7xx_HAL_Driver/Src/stm32h7xx_hal_dma.c"
Finished building: ../Drivers/STM32H7xx_HAL_Driver/Src/stm32h7xx_hal_dma.c
 
Building file: ../Drivers/STM32H7xx_HAL_Driver/Src/stm32h7xx_hal_dma_ex.c
Invoking: MCU GCC Compiler
D:\ws\ZEABUS-STM32-DSP\ZEABUS-STM32-DSP\Release
arm-none-eabi-gcc -mcpu=cortex-m7 -mthumb -mfloat-abi=hard -mfpu=fpv5-d16 '-D__weak=__attribute__((weak))' '-D__packed=__attribute__((__packed__))' -DUSE_HAL_DRIVER -DSTM32H743xx -I"D:/ws/ZEABUS-STM32-DSP/ZEABUS-STM32-DSP/Inc" -I"D:/ws/ZEABUS-STM32-DSP/ZEABUS-STM32-DSP/Drivers/STM32H7xx_HAL_Driver/Inc" -I"D:/ws/ZEABUS-STM32-DSP/ZEABUS-STM32-DSP/Drivers/STM32H7xx_HAL_Driver/Inc/Legacy" -I"D:/ws/ZEABUS-STM32-DSP/ZEABUS-STM32-DSP/Drivers/CMSIS/Device/ST/STM32H7xx/Include" -I"D:/ws/ZEABUS-STM32-DSP/ZEABUS-STM32-DSP/Drivers/CMSIS/Include"  -Og -g3 -Wall -fmessage-length=0 -ffunction-sections -c -fmessage-length=0 -MMD -MP -MF"Drivers/STM32H7xx_HAL_Driver/Src/stm32h7xx_hal_dma_ex.d" -MT"Drivers/STM32H7xx_HAL_Driver/Src/stm32h7xx_hal_dma_ex.o" -o "Drivers/STM32H7xx_HAL_Driver/Src/stm32h7xx_hal_dma_ex.o" "../Drivers/STM32H7xx_HAL_Driver/Src/stm32h7xx_hal_dma_ex.c"
Finished building: ../Drivers/STM32H7xx_HAL_Driver/Src/stm32h7xx_hal_dma_ex.c
 
Building file: ../Drivers/STM32H7xx_HAL_Driver/Src/stm32h7xx_hal_flash.c
Invoking: MCU GCC Compiler
D:\ws\ZEABUS-STM32-DSP\ZEABUS-STM32-DSP\Release
arm-none-eabi-gcc -mcpu=cortex-m7 -mthumb -mfloat-abi=hard -mfpu=fpv5-d16 '-D__weak=__attribute__((weak))' '-D__packed=__attribute__((__packed__))' -DUSE_HAL_DRIVER -DSTM32H743xx -I"D:/ws/ZEABUS-STM32-DSP/ZEABUS-STM32-DSP/Inc" -I"D:/ws/ZEABUS-STM32-DSP/ZEABUS-STM32-DSP/Drivers/STM32H7xx_HAL_Driver/Inc" -I"D:/ws/ZEABUS-STM32-DSP/ZEABUS-STM32-DSP/Drivers/STM32H7xx_HAL_Driver/Inc/Legacy" -I"D:/ws/ZEABUS-STM32-DSP/ZEABUS-STM32-DSP/Drivers/CMSIS/Device/ST/STM32H7xx/Include" -I"D:/ws/ZEABUS-STM32-DSP/ZEABUS-STM32-DSP/Drivers/CMSIS/Include"  -Og -g3 -Wall -fmessage-length=0 -ffunction-sections -c -fmessage-length=0 -MMD -MP -MF"Drivers/STM32H7xx_HAL_Driver/Src/stm32h7xx_hal_flash.d" -MT"Drivers/STM32H7xx_HAL_Driver/Src/stm32h7xx_hal_flash.o" -o "Drivers/STM32H7xx_HAL_Driver/Src/stm32h7xx_hal_flash.o" "../Drivers/STM32H7xx_HAL_Driver/Src/stm32h7xx_hal_flash.c"
Finished building: ../Drivers/STM32H7xx_HAL_Driver/Src/stm32h7xx_hal_flash.c
 
Building file: ../Drivers/STM32H7xx_HAL_Driver/Src/stm32h7xx_hal_flash_ex.c
Invoking: MCU GCC Compiler
D:\ws\ZEABUS-STM32-DSP\ZEABUS-STM32-DSP\Release
arm-none-eabi-gcc -mcpu=cortex-m7 -mthumb -mfloat-abi=hard -mfpu=fpv5-d16 '-D__weak=__attribute__((weak))' '-D__packed=__attribute__((__packed__))' -DUSE_HAL_DRIVER -DSTM32H743xx -I"D:/ws/ZEABUS-STM32-DSP/ZEABUS-STM32-DSP/Inc" -I"D:/ws/ZEABUS-STM32-DSP/ZEABUS-STM32-DSP/Drivers/STM32H7xx_HAL_Driver/Inc" -I"D:/ws/ZEABUS-STM32-DSP/ZEABUS-STM32-DSP/Drivers/STM32H7xx_HAL_Driver/Inc/Legacy" -I"D:/ws/ZEABUS-STM32-DSP/ZEABUS-STM32-DSP/Drivers/CMSIS/Device/ST/STM32H7xx/Include" -I"D:/ws/ZEABUS-STM32-DSP/ZEABUS-STM32-DSP/Drivers/CMSIS/Include"  -Og -g3 -Wall -fmessage-length=0 -ffunction-sections -c -fmessage-length=0 -MMD -MP -MF"Drivers/STM32H7xx_HAL_Driver/Src/stm32h7xx_hal_flash_ex.d" -MT"Drivers/STM32H7xx_HAL_Driver/Src/stm32h7xx_hal_flash_ex.o" -o "Drivers/STM32H7xx_HAL_Driver/Src/stm32h7xx_hal_flash_ex.o" "../Drivers/STM32H7xx_HAL_Driver/Src/stm32h7xx_hal_flash_ex.c"
Finished building: ../Drivers/STM32H7xx_HAL_Driver/Src/stm32h7xx_hal_flash_ex.c
 
Building file: ../Drivers/STM32H7xx_HAL_Driver/Src/stm32h7xx_hal_gpio.c
Invoking: MCU GCC Compiler
D:\ws\ZEABUS-STM32-DSP\ZEABUS-STM32-DSP\Release
arm-none-eabi-gcc -mcpu=cortex-m7 -mthumb -mfloat-abi=hard -mfpu=fpv5-d16 '-D__weak=__attribute__((weak))' '-D__packed=__attribute__((__packed__))' -DUSE_HAL_DRIVER -DSTM32H743xx -I"D:/ws/ZEABUS-STM32-DSP/ZEABUS-STM32-DSP/Inc" -I"D:/ws/ZEABUS-STM32-DSP/ZEABUS-STM32-DSP/Drivers/STM32H7xx_HAL_Driver/Inc" -I"D:/ws/ZEABUS-STM32-DSP/ZEABUS-STM32-DSP/Drivers/STM32H7xx_HAL_Driver/Inc/Legacy" -I"D:/ws/ZEABUS-STM32-DSP/ZEABUS-STM32-DSP/Drivers/CMSIS/Device/ST/STM32H7xx/Include" -I"D:/ws/ZEABUS-STM32-DSP/ZEABUS-STM32-DSP/Drivers/CMSIS/Include"  -Og -g3 -Wall -fmessage-length=0 -ffunction-sections -c -fmessage-length=0 -MMD -MP -MF"Drivers/STM32H7xx_HAL_Driver/Src/stm32h7xx_hal_gpio.d" -MT"Drivers/STM32H7xx_HAL_Driver/Src/stm32h7xx_hal_gpio.o" -o "Drivers/STM32H7xx_HAL_Driver/Src/stm32h7xx_hal_gpio.o" "../Drivers/STM32H7xx_HAL_Driver/Src/stm32h7xx_hal_gpio.c"
Finished building: ../Drivers/STM32H7xx_HAL_Driver/Src/stm32h7xx_hal_gpio.c
 
Building file: ../Drivers/STM32H7xx_HAL_Driver/Src/stm32h7xx_hal_hsem.c
Invoking: MCU GCC Compiler
D:\ws\ZEABUS-STM32-DSP\ZEABUS-STM32-DSP\Release
arm-none-eabi-gcc -mcpu=cortex-m7 -mthumb -mfloat-abi=hard -mfpu=fpv5-d16 '-D__weak=__attribute__((weak))' '-D__packed=__attribute__((__packed__))' -DUSE_HAL_DRIVER -DSTM32H743xx -I"D:/ws/ZEABUS-STM32-DSP/ZEABUS-STM32-DSP/Inc" -I"D:/ws/ZEABUS-STM32-DSP/ZEABUS-STM32-DSP/Drivers/STM32H7xx_HAL_Driver/Inc" -I"D:/ws/ZEABUS-STM32-DSP/ZEABUS-STM32-DSP/Drivers/STM32H7xx_HAL_Driver/Inc/Legacy" -I"D:/ws/ZEABUS-STM32-DSP/ZEABUS-STM32-DSP/Drivers/CMSIS/Device/ST/STM32H7xx/Include" -I"D:/ws/ZEABUS-STM32-DSP/ZEABUS-STM32-DSP/Drivers/CMSIS/Include"  -Og -g3 -Wall -fmessage-length=0 -ffunction-sections -c -fmessage-length=0 -MMD -MP -MF"Drivers/STM32H7xx_HAL_Driver/Src/stm32h7xx_hal_hsem.d" -MT"Drivers/STM32H7xx_HAL_Driver/Src/stm32h7xx_hal_hsem.o" -o "Drivers/STM32H7xx_HAL_Driver/Src/stm32h7xx_hal_hsem.o" "../Drivers/STM32H7xx_HAL_Driver/Src/stm32h7xx_hal_hsem.c"
Finished building: ../Drivers/STM32H7xx_HAL_Driver/Src/stm32h7xx_hal_hsem.c
 
Building file: ../Drivers/STM32H7xx_HAL_Driver/Src/stm32h7xx_hal_i2c.c
Invoking: MCU GCC Compiler
D:\ws\ZEABUS-STM32-DSP\ZEABUS-STM32-DSP\Release
arm-none-eabi-gcc -mcpu=cortex-m7 -mthumb -mfloat-abi=hard -mfpu=fpv5-d16 '-D__weak=__attribute__((weak))' '-D__packed=__attribute__((__packed__))' -DUSE_HAL_DRIVER -DSTM32H743xx -I"D:/ws/ZEABUS-STM32-DSP/ZEABUS-STM32-DSP/Inc" -I"D:/ws/ZEABUS-STM32-DSP/ZEABUS-STM32-DSP/Drivers/STM32H7xx_HAL_Driver/Inc" -I"D:/ws/ZEABUS-STM32-DSP/ZEABUS-STM32-DSP/Drivers/STM32H7xx_HAL_Driver/Inc/Legacy" -I"D:/ws/ZEABUS-STM32-DSP/ZEABUS-STM32-DSP/Drivers/CMSIS/Device/ST/STM32H7xx/Include" -I"D:/ws/ZEABUS-STM32-DSP/ZEABUS-STM32-DSP/Drivers/CMSIS/Include"  -Og -g3 -Wall -fmessage-length=0 -ffunction-sections -c -fmessage-length=0 -MMD -MP -MF"Drivers/STM32H7xx_HAL_Driver/Src/stm32h7xx_hal_i2c.d" -MT"Drivers/STM32H7xx_HAL_Driver/Src/stm32h7xx_hal_i2c.o" -o "Drivers/STM32H7xx_HAL_Driver/Src/stm32h7xx_hal_i2c.o" "../Drivers/STM32H7xx_HAL_Driver/Src/stm32h7xx_hal_i2c.c"
Finished building: ../Drivers/STM32H7xx_HAL_Driver/Src/stm32h7xx_hal_i2c.c
 
Building file: ../Drivers/STM32H7xx_HAL_Driver/Src/stm32h7xx_hal_i2c_ex.c
Invoking: MCU GCC Compiler
D:\ws\ZEABUS-STM32-DSP\ZEABUS-STM32-DSP\Release
arm-none-eabi-gcc -mcpu=cortex-m7 -mthumb -mfloat-abi=hard -mfpu=fpv5-d16 '-D__weak=__attribute__((weak))' '-D__packed=__attribute__((__packed__))' -DUSE_HAL_DRIVER -DSTM32H743xx -I"D:/ws/ZEABUS-STM32-DSP/ZEABUS-STM32-DSP/Inc" -I"D:/ws/ZEABUS-STM32-DSP/ZEABUS-STM32-DSP/Drivers/STM32H7xx_HAL_Driver/Inc" -I"D:/ws/ZEABUS-STM32-DSP/ZEABUS-STM32-DSP/Drivers/STM32H7xx_HAL_Driver/Inc/Legacy" -I"D:/ws/ZEABUS-STM32-DSP/ZEABUS-STM32-DSP/Drivers/CMSIS/Device/ST/STM32H7xx/Include" -I"D:/ws/ZEABUS-STM32-DSP/ZEABUS-STM32-DSP/Drivers/CMSIS/Include"  -Og -g3 -Wall -fmessage-length=0 -ffunction-sections -c -fmessage-length=0 -MMD -MP -MF"Drivers/STM32H7xx_HAL_Driver/Src/stm32h7xx_hal_i2c_ex.d" -MT"Drivers/STM32H7xx_HAL_Driver/Src/stm32h7xx_hal_i2c_ex.o" -o "Drivers/STM32H7xx_HAL_Driver/Src/stm32h7xx_hal_i2c_ex.o" "../Drivers/STM32H7xx_HAL_Driver/Src/stm32h7xx_hal_i2c_ex.c"
Finished building: ../Drivers/STM32H7xx_HAL_Driver/Src/stm32h7xx_hal_i2c_ex.c
 
Building file: ../Drivers/STM32H7xx_HAL_Driver/Src/stm32h7xx_hal_mdma.c
Invoking: MCU GCC Compiler
D:\ws\ZEABUS-STM32-DSP\ZEABUS-STM32-DSP\Release
arm-none-eabi-gcc -mcpu=cortex-m7 -mthumb -mfloat-abi=hard -mfpu=fpv5-d16 '-D__weak=__attribute__((weak))' '-D__packed=__attribute__((__packed__))' -DUSE_HAL_DRIVER -DSTM32H743xx -I"D:/ws/ZEABUS-STM32-DSP/ZEABUS-STM32-DSP/Inc" -I"D:/ws/ZEABUS-STM32-DSP/ZEABUS-STM32-DSP/Drivers/STM32H7xx_HAL_Driver/Inc" -I"D:/ws/ZEABUS-STM32-DSP/ZEABUS-STM32-DSP/Drivers/STM32H7xx_HAL_Driver/Inc/Legacy" -I"D:/ws/ZEABUS-STM32-DSP/ZEABUS-STM32-DSP/Drivers/CMSIS/Device/ST/STM32H7xx/Include" -I"D:/ws/ZEABUS-STM32-DSP/ZEABUS-STM32-DSP/Drivers/CMSIS/Include"  -Og -g3 -Wall -fmessage-length=0 -ffunction-sections -c -fmessage-length=0 -MMD -MP -MF"Drivers/STM32H7xx_HAL_Driver/Src/stm32h7xx_hal_mdma.d" -MT"Drivers/STM32H7xx_HAL_Driver/Src/stm32h7xx_hal_mdma.o" -o "Drivers/STM32H7xx_HAL_Driver/Src/stm32h7xx_hal_mdma.o" "../Drivers/STM32H7xx_HAL_Driver/Src/stm32h7xx_hal_mdma.c"
Finished building: ../Drivers/STM32H7xx_HAL_Driver/Src/stm32h7xx_hal_mdma.c
 
Building file: ../Drivers/STM32H7xx_HAL_Driver/Src/stm32h7xx_hal_pcd.c
Invoking: MCU GCC Compiler
D:\ws\ZEABUS-STM32-DSP\ZEABUS-STM32-DSP\Release
arm-none-eabi-gcc -mcpu=cortex-m7 -mthumb -mfloat-abi=hard -mfpu=fpv5-d16 '-D__weak=__attribute__((weak))' '-D__packed=__attribute__((__packed__))' -DUSE_HAL_DRIVER -DSTM32H743xx -I"D:/ws/ZEABUS-STM32-DSP/ZEABUS-STM32-DSP/Inc" -I"D:/ws/ZEABUS-STM32-DSP/ZEABUS-STM32-DSP/Drivers/STM32H7xx_HAL_Driver/Inc" -I"D:/ws/ZEABUS-STM32-DSP/ZEABUS-STM32-DSP/Drivers/STM32H7xx_HAL_Driver/Inc/Legacy" -I"D:/ws/ZEABUS-STM32-DSP/ZEABUS-STM32-DSP/Drivers/CMSIS/Device/ST/STM32H7xx/Include" -I"D:/ws/ZEABUS-STM32-DSP/ZEABUS-STM32-DSP/Drivers/CMSIS/Include"  -Og -g3 -Wall -fmessage-length=0 -ffunction-sections -c -fmessage-length=0 -MMD -MP -MF"Drivers/STM32H7xx_HAL_Driver/Src/stm32h7xx_hal_pcd.d" -MT"Drivers/STM32H7xx_HAL_Driver/Src/stm32h7xx_hal_pcd.o" -o "Drivers/STM32H7xx_HAL_Driver/Src/stm32h7xx_hal_pcd.o" "../Drivers/STM32H7xx_HAL_Driver/Src/stm32h7xx_hal_pcd.c"
Finished building: ../Drivers/STM32H7xx_HAL_Driver/Src/stm32h7xx_hal_pcd.c
 
Building file: ../Drivers/STM32H7xx_HAL_Driver/Src/stm32h7xx_hal_pcd_ex.c
Invoking: MCU GCC Compiler
D:\ws\ZEABUS-STM32-DSP\ZEABUS-STM32-DSP\Release
arm-none-eabi-gcc -mcpu=cortex-m7 -mthumb -mfloat-abi=hard -mfpu=fpv5-d16 '-D__weak=__attribute__((weak))' '-D__packed=__attribute__((__packed__))' -DUSE_HAL_DRIVER -DSTM32H743xx -I"D:/ws/ZEABUS-STM32-DSP/ZEABUS-STM32-DSP/Inc" -I"D:/ws/ZEABUS-STM32-DSP/ZEABUS-STM32-DSP/Drivers/STM32H7xx_HAL_Driver/Inc" -I"D:/ws/ZEABUS-STM32-DSP/ZEABUS-STM32-DSP/Drivers/STM32H7xx_HAL_Driver/Inc/Legacy" -I"D:/ws/ZEABUS-STM32-DSP/ZEABUS-STM32-DSP/Drivers/CMSIS/Device/ST/STM32H7xx/Include" -I"D:/ws/ZEABUS-STM32-DSP/ZEABUS-STM32-DSP/Drivers/CMSIS/Include"  -Og -g3 -Wall -fmessage-length=0 -ffunction-sections -c -fmessage-length=0 -MMD -MP -MF"Drivers/STM32H7xx_HAL_Driver/Src/stm32h7xx_hal_pcd_ex.d" -MT"Drivers/STM32H7xx_HAL_Driver/Src/stm32h7xx_hal_pcd_ex.o" -o "Drivers/STM32H7xx_HAL_Driver/Src/stm32h7xx_hal_pcd_ex.o" "../Drivers/STM32H7xx_HAL_Driver/Src/stm32h7xx_hal_pcd_ex.c"
Finished building: ../Drivers/STM32H7xx_HAL_Driver/Src/stm32h7xx_hal_pcd_ex.c
 
Building file: ../Drivers/STM32H7xx_HAL_Driver/Src/stm32h7xx_hal_pwr.c
Invoking: MCU GCC Compiler
D:\ws\ZEABUS-STM32-DSP\ZEABUS-STM32-DSP\Release
arm-none-eabi-gcc -mcpu=cortex-m7 -mthumb -mfloat-abi=hard -mfpu=fpv5-d16 '-D__weak=__attribute__((weak))' '-D__packed=__attribute__((__packed__))' -DUSE_HAL_DRIVER -DSTM32H743xx -I"D:/ws/ZEABUS-STM32-DSP/ZEABUS-STM32-DSP/Inc" -I"D:/ws/ZEABUS-STM32-DSP/ZEABUS-STM32-DSP/Drivers/STM32H7xx_HAL_Driver/Inc" -I"D:/ws/ZEABUS-STM32-DSP/ZEABUS-STM32-DSP/Drivers/STM32H7xx_HAL_Driver/Inc/Legacy" -I"D:/ws/ZEABUS-STM32-DSP/ZEABUS-STM32-DSP/Drivers/CMSIS/Device/ST/STM32H7xx/Include" -I"D:/ws/ZEABUS-STM32-DSP/ZEABUS-STM32-DSP/Drivers/CMSIS/Include"  -Og -g3 -Wall -fmessage-length=0 -ffunction-sections -c -fmessage-length=0 -MMD -MP -MF"Drivers/STM32H7xx_HAL_Driver/Src/stm32h7xx_hal_pwr.d" -MT"Drivers/STM32H7xx_HAL_Driver/Src/stm32h7xx_hal_pwr.o" -o "Drivers/STM32H7xx_HAL_Driver/Src/stm32h7xx_hal_pwr.o" "../Drivers/STM32H7xx_HAL_Driver/Src/stm32h7xx_hal_pwr.c"
Finished building: ../Drivers/STM32H7xx_HAL_Driver/Src/stm32h7xx_hal_pwr.c
 
Building file: ../Drivers/STM32H7xx_HAL_Driver/Src/stm32h7xx_hal_pwr_ex.c
Invoking: MCU GCC Compiler
D:\ws\ZEABUS-STM32-DSP\ZEABUS-STM32-DSP\Release
arm-none-eabi-gcc -mcpu=cortex-m7 -mthumb -mfloat-abi=hard -mfpu=fpv5-d16 '-D__weak=__attribute__((weak))' '-D__packed=__attribute__((__packed__))' -DUSE_HAL_DRIVER -DSTM32H743xx -I"D:/ws/ZEABUS-STM32-DSP/ZEABUS-STM32-DSP/Inc" -I"D:/ws/ZEABUS-STM32-DSP/ZEABUS-STM32-DSP/Drivers/STM32H7xx_HAL_Driver/Inc" -I"D:/ws/ZEABUS-STM32-DSP/ZEABUS-STM32-DSP/Drivers/STM32H7xx_HAL_Driver/Inc/Legacy" -I"D:/ws/ZEABUS-STM32-DSP/ZEABUS-STM32-DSP/Drivers/CMSIS/Device/ST/STM32H7xx/Include" -I"D:/ws/ZEABUS-STM32-DSP/ZEABUS-STM32-DSP/Drivers/CMSIS/Include"  -Og -g3 -Wall -fmessage-length=0 -ffunction-sections -c -fmessage-length=0 -MMD -MP -MF"Drivers/STM32H7xx_HAL_Driver/Src/stm32h7xx_hal_pwr_ex.d" -MT"Drivers/STM32H7xx_HAL_Driver/Src/stm32h7xx_hal_pwr_ex.o" -o "Drivers/STM32H7xx_HAL_Driver/Src/stm32h7xx_hal_pwr_ex.o" "../Drivers/STM32H7xx_HAL_Driver/Src/stm32h7xx_hal_pwr_ex.c"
Finished building: ../Drivers/STM32H7xx_HAL_Driver/Src/stm32h7xx_hal_pwr_ex.c
 
Building file: ../Drivers/STM32H7xx_HAL_Driver/Src/stm32h7xx_hal_rcc.c
Invoking: MCU GCC Compiler
D:\ws\ZEABUS-STM32-DSP\ZEABUS-STM32-DSP\Release
arm-none-eabi-gcc -mcpu=cortex-m7 -mthumb -mfloat-abi=hard -mfpu=fpv5-d16 '-D__weak=__attribute__((weak))' '-D__packed=__attribute__((__packed__))' -DUSE_HAL_DRIVER -DSTM32H743xx -I"D:/ws/ZEABUS-STM32-DSP/ZEABUS-STM32-DSP/Inc" -I"D:/ws/ZEABUS-STM32-DSP/ZEABUS-STM32-DSP/Drivers/STM32H7xx_HAL_Driver/Inc" -I"D:/ws/ZEABUS-STM32-DSP/ZEABUS-STM32-DSP/Drivers/STM32H7xx_HAL_Driver/Inc/Legacy" -I"D:/ws/ZEABUS-STM32-DSP/ZEABUS-STM32-DSP/Drivers/CMSIS/Device/ST/STM32H7xx/Include" -I"D:/ws/ZEABUS-STM32-DSP/ZEABUS-STM32-DSP/Drivers/CMSIS/Include"  -Og -g3 -Wall -fmessage-length=0 -ffunction-sections -c -fmessage-length=0 -MMD -MP -MF"Drivers/STM32H7xx_HAL_Driver/Src/stm32h7xx_hal_rcc.d" -MT"Drivers/STM32H7xx_HAL_Driver/Src/stm32h7xx_hal_rcc.o" -o "Drivers/STM32H7xx_HAL_Driver/Src/stm32h7xx_hal_rcc.o" "../Drivers/STM32H7xx_HAL_Driver/Src/stm32h7xx_hal_rcc.c"
Finished building: ../Drivers/STM32H7xx_HAL_Driver/Src/stm32h7xx_hal_rcc.c
 
Building file: ../Drivers/STM32H7xx_HAL_Driver/Src/stm32h7xx_hal_rcc_ex.c
Invoking: MCU GCC Compiler
D:\ws\ZEABUS-STM32-DSP\ZEABUS-STM32-DSP\Release
arm-none-eabi-gcc -mcpu=cortex-m7 -mthumb -mfloat-abi=hard -mfpu=fpv5-d16 '-D__weak=__attribute__((weak))' '-D__packed=__attribute__((__packed__))' -DUSE_HAL_DRIVER -DSTM32H743xx -I"D:/ws/ZEABUS-STM32-DSP/ZEABUS-STM32-DSP/Inc" -I"D:/ws/ZEABUS-STM32-DSP/ZEABUS-STM32-DSP/Drivers/STM32H7xx_HAL_Driver/Inc" -I"D:/ws/ZEABUS-STM32-DSP/ZEABUS-STM32-DSP/Drivers/STM32H7xx_HAL_Driver/Inc/Legacy" -I"D:/ws/ZEABUS-STM32-DSP/ZEABUS-STM32-DSP/Drivers/CMSIS/Device/ST/STM32H7xx/Include" -I"D:/ws/ZEABUS-STM32-DSP/ZEABUS-STM32-DSP/Drivers/CMSIS/Include"  -Og -g3 -Wall -fmessage-length=0 -ffunction-sections -c -fmessage-length=0 -MMD -MP -MF"Drivers/STM32H7xx_HAL_Driver/Src/stm32h7xx_hal_rcc_ex.d" -MT"Drivers/STM32H7xx_HAL_Driver/Src/stm32h7xx_hal_rcc_ex.o" -o "Drivers/STM32H7xx_HAL_Driver/Src/stm32h7xx_hal_rcc_ex.o" "../Drivers/STM32H7xx_HAL_Driver/Src/stm32h7xx_hal_rcc_ex.c"
Finished building: ../Drivers/STM32H7xx_HAL_Driver/Src/stm32h7xx_hal_rcc_ex.c
 
Building file: ../Drivers/STM32H7xx_HAL_Driver/Src/stm32h7xx_hal_tim.c
Invoking: MCU GCC Compiler
D:\ws\ZEABUS-STM32-DSP\ZEABUS-STM32-DSP\Release
arm-none-eabi-gcc -mcpu=cortex-m7 -mthumb -mfloat-abi=hard -mfpu=fpv5-d16 '-D__weak=__attribute__((weak))' '-D__packed=__attribute__((__packed__))' -DUSE_HAL_DRIVER -DSTM32H743xx -I"D:/ws/ZEABUS-STM32-DSP/ZEABUS-STM32-DSP/Inc" -I"D:/ws/ZEABUS-STM32-DSP/ZEABUS-STM32-DSP/Drivers/STM32H7xx_HAL_Driver/Inc" -I"D:/ws/ZEABUS-STM32-DSP/ZEABUS-STM32-DSP/Drivers/STM32H7xx_HAL_Driver/Inc/Legacy" -I"D:/ws/ZEABUS-STM32-DSP/ZEABUS-STM32-DSP/Drivers/CMSIS/Device/ST/STM32H7xx/Include" -I"D:/ws/ZEABUS-STM32-DSP/ZEABUS-STM32-DSP/Drivers/CMSIS/Include"  -Og -g3 -Wall -fmessage-length=0 -ffunction-sections -c -fmessage-length=0 -MMD -MP -MF"Drivers/STM32H7xx_HAL_Driver/Src/stm32h7xx_hal_tim.d" -MT"Drivers/STM32H7xx_HAL_Driver/Src/stm32h7xx_hal_tim.o" -o "Drivers/STM32H7xx_HAL_Driver/Src/stm32h7xx_hal_tim.o" "../Drivers/STM32H7xx_HAL_Driver/Src/stm32h7xx_hal_tim.c"
Finished building: ../Drivers/STM32H7xx_HAL_Driver/Src/stm32h7xx_hal_tim.c
 
Building file: ../Drivers/STM32H7xx_HAL_Driver/Src/stm32h7xx_hal_tim_ex.c
Invoking: MCU GCC Compiler
D:\ws\ZEABUS-STM32-DSP\ZEABUS-STM32-DSP\Release
arm-none-eabi-gcc -mcpu=cortex-m7 -mthumb -mfloat-abi=hard -mfpu=fpv5-d16 '-D__weak=__attribute__((weak))' '-D__packed=__attribute__((__packed__))' -DUSE_HAL_DRIVER -DSTM32H743xx -I"D:/ws/ZEABUS-STM32-DSP/ZEABUS-STM32-DSP/Inc" -I"D:/ws/ZEABUS-STM32-DSP/ZEABUS-STM32-DSP/Drivers/STM32H7xx_HAL_Driver/Inc" -I"D:/ws/ZEABUS-STM32-DSP/ZEABUS-STM32-DSP/Drivers/STM32H7xx_HAL_Driver/Inc/Legacy" -I"D:/ws/ZEABUS-STM32-DSP/ZEABUS-STM32-DSP/Drivers/CMSIS/Device/ST/STM32H7xx/Include" -I"D:/ws/ZEABUS-STM32-DSP/ZEABUS-STM32-DSP/Drivers/CMSIS/Include"  -Og -g3 -Wall -fmessage-length=0 -ffunction-sections -c -fmessage-length=0 -MMD -MP -MF"Drivers/STM32H7xx_HAL_Driver/Src/stm32h7xx_hal_tim_ex.d" -MT"Drivers/STM32H7xx_HAL_Driver/Src/stm32h7xx_hal_tim_ex.o" -o "Drivers/STM32H7xx_HAL_Driver/Src/stm32h7xx_hal_tim_ex.o" "../Drivers/STM32H7xx_HAL_Driver/Src/stm32h7xx_hal_tim_ex.c"
Finished building: ../Drivers/STM32H7xx_HAL_Driver/Src/stm32h7xx_hal_tim_ex.c
 
Building file: ../Drivers/STM32H7xx_HAL_Driver/Src/stm32h7xx_hal_uart.c
Invoking: MCU GCC Compiler
D:\ws\ZEABUS-STM32-DSP\ZEABUS-STM32-DSP\Release
arm-none-eabi-gcc -mcpu=cortex-m7 -mthumb -mfloat-abi=hard -mfpu=fpv5-d16 '-D__weak=__attribute__((weak))' '-D__packed=__attribute__((__packed__))' -DUSE_HAL_DRIVER -DSTM32H743xx -I"D:/ws/ZEABUS-STM32-DSP/ZEABUS-STM32-DSP/Inc" -I"D:/ws/ZEABUS-STM32-DSP/ZEABUS-STM32-DSP/Drivers/STM32H7xx_HAL_Driver/Inc" -I"D:/ws/ZEABUS-STM32-DSP/ZEABUS-STM32-DSP/Drivers/STM32H7xx_HAL_Driver/Inc/Legacy" -I"D:/ws/ZEABUS-STM32-DSP/ZEABUS-STM32-DSP/Drivers/CMSIS/Device/ST/STM32H7xx/Include" -I"D:/ws/ZEABUS-STM32-DSP/ZEABUS-STM32-DSP/Drivers/CMSIS/Include"  -Og -g3 -Wall -fmessage-length=0 -ffunction-sections -c -fmessage-length=0 -MMD -MP -MF"Drivers/STM32H7xx_HAL_Driver/Src/stm32h7xx_hal_uart.d" -MT"Drivers/STM32H7xx_HAL_Driver/Src/stm32h7xx_hal_uart.o" -o "Drivers/STM32H7xx_HAL_Driver/Src/stm32h7xx_hal_uart.o" "../Drivers/STM32H7xx_HAL_Driver/Src/stm32h7xx_hal_uart.c"
Finished building: ../Drivers/STM32H7xx_HAL_Driver/Src/stm32h7xx_hal_uart.c
 
Building file: ../Drivers/STM32H7xx_HAL_Driver/Src/stm32h7xx_hal_uart_ex.c
Invoking: MCU GCC Compiler
D:\ws\ZEABUS-STM32-DSP\ZEABUS-STM32-DSP\Release
arm-none-eabi-gcc -mcpu=cortex-m7 -mthumb -mfloat-abi=hard -mfpu=fpv5-d16 '-D__weak=__attribute__((weak))' '-D__packed=__attribute__((__packed__))' -DUSE_HAL_DRIVER -DSTM32H743xx -I"D:/ws/ZEABUS-STM32-DSP/ZEABUS-STM32-DSP/Inc" -I"D:/ws/ZEABUS-STM32-DSP/ZEABUS-STM32-DSP/Drivers/STM32H7xx_HAL_Driver/Inc" -I"D:/ws/ZEABUS-STM32-DSP/ZEABUS-STM32-DSP/Drivers/STM32H7xx_HAL_Driver/Inc/Legacy" -I"D:/ws/ZEABUS-STM32-DSP/ZEABUS-STM32-DSP/Drivers/CMSIS/Device/ST/STM32H7xx/Include" -I"D:/ws/ZEABUS-STM32-DSP/ZEABUS-STM32-DSP/Drivers/CMSIS/Include"  -Og -g3 -Wall -fmessage-length=0 -ffunction-sections -c -fmessage-length=0 -MMD -MP -MF"Drivers/STM32H7xx_HAL_Driver/Src/stm32h7xx_hal_uart_ex.d" -MT"Drivers/STM32H7xx_HAL_Driver/Src/stm32h7xx_hal_uart_ex.o" -o "Drivers/STM32H7xx_HAL_Driver/Src/stm32h7xx_hal_uart_ex.o" "../Drivers/STM32H7xx_HAL_Driver/Src/stm32h7xx_hal_uart_ex.c"
Finished building: ../Drivers/STM32H7xx_HAL_Driver/Src/stm32h7xx_hal_uart_ex.c
 
Building file: ../Drivers/STM32H7xx_HAL_Driver/Src/stm32h7xx_ll_usb.c
Invoking: MCU GCC Compiler
D:\ws\ZEABUS-STM32-DSP\ZEABUS-STM32-DSP\Release
arm-none-eabi-gcc -mcpu=cortex-m7 -mthumb -mfloat-abi=hard -mfpu=fpv5-d16 '-D__weak=__attribute__((weak))' '-D__packed=__attribute__((__packed__))' -DUSE_HAL_DRIVER -DSTM32H743xx -I"D:/ws/ZEABUS-STM32-DSP/ZEABUS-STM32-DSP/Inc" -I"D:/ws/ZEABUS-STM32-DSP/ZEABUS-STM32-DSP/Drivers/STM32H7xx_HAL_Driver/Inc" -I"D:/ws/ZEABUS-STM32-DSP/ZEABUS-STM32-DSP/Drivers/STM32H7xx_HAL_Driver/Inc/Legacy" -I"D:/ws/ZEABUS-STM32-DSP/ZEABUS-STM32-DSP/Drivers/CMSIS/Device/ST/STM32H7xx/Include" -I"D:/ws/ZEABUS-STM32-DSP/ZEABUS-STM32-DSP/Drivers/CMSIS/Include"  -Og -g3 -Wall -fmessage-length=0 -ffunction-sections -c -fmessage-length=0 -MMD -MP -MF"Drivers/STM32H7xx_HAL_Driver/Src/stm32h7xx_ll_usb.d" -MT"Drivers/STM32H7xx_HAL_Driver/Src/stm32h7xx_ll_usb.o" -o "Drivers/STM32H7xx_HAL_Driver/Src/stm32h7xx_ll_usb.o" "../Drivers/STM32H7xx_HAL_Driver/Src/stm32h7xx_ll_usb.c"
Finished building: ../Drivers/STM32H7xx_HAL_Driver/Src/stm32h7xx_ll_usb.c
 
Building target: ZEABUS-STM32-DSP.elf
Invoking: MCU GCC Linker
arm-none-eabi-gcc -mcpu=cortex-m7 -mthumb -mfloat-abi=hard -mfpu=fpv5-d16 -specs=nosys.specs -specs=nano.specs -T"../STM32H743ZITx_FLASH.ld" -Wl,-Map=output.map -Wl,--gc-sections -o "ZEABUS-STM32-DSP.elf" @"objects.list"   -lm
Finished building target: ZEABUS-STM32-DSP.elf
 
make --no-print-directory post-build
Generating binary and Printing size information:
arm-none-eabi-objcopy -O binary "ZEABUS-STM32-DSP.elf" "ZEABUS-STM32-DSP.bin"
arm-none-eabi-size "ZEABUS-STM32-DSP.elf"
   text	   data	    bss	    dec	    hex	filename
  20988	     24	  19464	  40476	   9e1c	ZEABUS-STM32-DSP.elf
 
20:06:41 **** Incremental Build of configuration Debug for project ZEABUS-STM32-DSP ****
make all 
Building file: ../Src/adc.c
Invoking: MCU GCC Compiler
D:\ws\ZEABUS-STM32-DSP\ZEABUS-STM32-DSP\Debug
arm-none-eabi-gcc -mcpu=cortex-m7 -mthumb -mfloat-abi=hard -mfpu=fpv5-d16 '-D__weak=__attribute__((weak))' '-D__packed=__attribute__((__packed__))' -DUSE_HAL_DRIVER -DSTM32H743xx -I"D:/ws/ZEABUS-STM32-DSP/ZEABUS-STM32-DSP/Inc" -I"D:/ws/ZEABUS-STM32-DSP/ZEABUS-STM32-DSP/Drivers/STM32H7xx_HAL_Driver/Inc" -I"D:/ws/ZEABUS-STM32-DSP/ZEABUS-STM32-DSP/Drivers/STM32H7xx_HAL_Driver/Inc/Legacy" -I"D:/ws/ZEABUS-STM32-DSP/ZEABUS-STM32-DSP/Drivers/CMSIS/Device/ST/STM32H7xx/Include" -I"D:/ws/ZEABUS-STM32-DSP/ZEABUS-STM32-DSP/Drivers/CMSIS/Include"  -Og -g3 -Wall -fmessage-length=0 -ffunction-sections -c -fmessage-length=0 -MMD -MP -MF"Src/adc.d" -MT"Src/adc.o" -o "Src/adc.o" "../Src/adc.c"
Finished building: ../Src/adc.c
 
Building file: ../Src/gpio.c
Invoking: MCU GCC Compiler
D:\ws\ZEABUS-STM32-DSP\ZEABUS-STM32-DSP\Debug
arm-none-eabi-gcc -mcpu=cortex-m7 -mthumb -mfloat-abi=hard -mfpu=fpv5-d16 '-D__weak=__attribute__((weak))' '-D__packed=__attribute__((__packed__))' -DUSE_HAL_DRIVER -DSTM32H743xx -I"D:/ws/ZEABUS-STM32-DSP/ZEABUS-STM32-DSP/Inc" -I"D:/ws/ZEABUS-STM32-DSP/ZEABUS-STM32-DSP/Drivers/STM32H7xx_HAL_Driver/Inc" -I"D:/ws/ZEABUS-STM32-DSP/ZEABUS-STM32-DSP/Drivers/STM32H7xx_HAL_Driver/Inc/Legacy" -I"D:/ws/ZEABUS-STM32-DSP/ZEABUS-STM32-DSP/Drivers/CMSIS/Device/ST/STM32H7xx/Include" -I"D:/ws/ZEABUS-STM32-DSP/ZEABUS-STM32-DSP/Drivers/CMSIS/Include"  -Og -g3 -Wall -fmessage-length=0 -ffunction-sections -c -fmessage-length=0 -MMD -MP -MF"Src/gpio.d" -MT"Src/gpio.o" -o "Src/gpio.o" "../Src/gpio.c"
Finished building: ../Src/gpio.c
 
Building file: ../Src/i2c.c
Invoking: MCU GCC Compiler
D:\ws\ZEABUS-STM32-DSP\ZEABUS-STM32-DSP\Debug
arm-none-eabi-gcc -mcpu=cortex-m7 -mthumb -mfloat-abi=hard -mfpu=fpv5-d16 '-D__weak=__attribute__((weak))' '-D__packed=__attribute__((__packed__))' -DUSE_HAL_DRIVER -DSTM32H743xx -I"D:/ws/ZEABUS-STM32-DSP/ZEABUS-STM32-DSP/Inc" -I"D:/ws/ZEABUS-STM32-DSP/ZEABUS-STM32-DSP/Drivers/STM32H7xx_HAL_Driver/Inc" -I"D:/ws/ZEABUS-STM32-DSP/ZEABUS-STM32-DSP/Drivers/STM32H7xx_HAL_Driver/Inc/Legacy" -I"D:/ws/ZEABUS-STM32-DSP/ZEABUS-STM32-DSP/Drivers/CMSIS/Device/ST/STM32H7xx/Include" -I"D:/ws/ZEABUS-STM32-DSP/ZEABUS-STM32-DSP/Drivers/CMSIS/Include"  -Og -g3 -Wall -fmessage-length=0 -ffunction-sections -c -fmessage-length=0 -MMD -MP -MF"Src/i2c.d" -MT"Src/i2c.o" -o "Src/i2c.o" "../Src/i2c.c"
Finished building: ../Src/i2c.c
 
Building file: ../Src/main.c
Invoking: MCU GCC Compiler
D:\ws\ZEABUS-STM32-DSP\ZEABUS-STM32-DSP\Debug
arm-none-eabi-gcc -mcpu=cortex-m7 -mthumb -mfloat-abi=hard -mfpu=fpv5-d16 '-D__weak=__attribute__((weak))' '-D__packed=__attribute__((__packed__))' -DUSE_HAL_DRIVER -DSTM32H743xx -I"D:/ws/ZEABUS-STM32-DSP/ZEABUS-STM32-DSP/Inc" -I"D:/ws/ZEABUS-STM32-DSP/ZEABUS-STM32-DSP/Drivers/STM32H7xx_HAL_Driver/Inc" -I"D:/ws/ZEABUS-STM32-DSP/ZEABUS-STM32-DSP/Drivers/STM32H7xx_HAL_Driver/Inc/Legacy" -I"D:/ws/ZEABUS-STM32-DSP/ZEABUS-STM32-DSP/Drivers/CMSIS/Device/ST/STM32H7xx/Include" -I"D:/ws/ZEABUS-STM32-DSP/ZEABUS-STM32-DSP/Drivers/CMSIS/Include"  -Og -g3 -Wall -fmessage-length=0 -ffunction-sections -c -fmessage-length=0 -MMD -MP -MF"Src/main.d" -MT"Src/main.o" -o "Src/main.o" "../Src/main.c"
Finished building: ../Src/main.c
 
Building file: ../Src/stm32h7xx_hal_msp.c
Invoking: MCU GCC Compiler
D:\ws\ZEABUS-STM32-DSP\ZEABUS-STM32-DSP\Debug
arm-none-eabi-gcc -mcpu=cortex-m7 -mthumb -mfloat-abi=hard -mfpu=fpv5-d16 '-D__weak=__attribute__((weak))' '-D__packed=__attribute__((__packed__))' -DUSE_HAL_DRIVER -DSTM32H743xx -I"D:/ws/ZEABUS-STM32-DSP/ZEABUS-STM32-DSP/Inc" -I"D:/ws/ZEABUS-STM32-DSP/ZEABUS-STM32-DSP/Drivers/STM32H7xx_HAL_Driver/Inc" -I"D:/ws/ZEABUS-STM32-DSP/ZEABUS-STM32-DSP/Drivers/STM32H7xx_HAL_Driver/Inc/Legacy" -I"D:/ws/ZEABUS-STM32-DSP/ZEABUS-STM32-DSP/Drivers/CMSIS/Device/ST/STM32H7xx/Include" -I"D:/ws/ZEABUS-STM32-DSP/ZEABUS-STM32-DSP/Drivers/CMSIS/Include"  -Og -g3 -Wall -fmessage-length=0 -ffunction-sections -c -fmessage-length=0 -MMD -MP -MF"Src/stm32h7xx_hal_msp.d" -MT"Src/stm32h7xx_hal_msp.o" -o "Src/stm32h7xx_hal_msp.o" "../Src/stm32h7xx_hal_msp.c"
Finished building: ../Src/stm32h7xx_hal_msp.c
 
Building file: ../Src/stm32h7xx_it.c
Invoking: MCU GCC Compiler
D:\ws\ZEABUS-STM32-DSP\ZEABUS-STM32-DSP\Debug
arm-none-eabi-gcc -mcpu=cortex-m7 -mthumb -mfloat-abi=hard -mfpu=fpv5-d16 '-D__weak=__attribute__((weak))' '-D__packed=__attribute__((__packed__))' -DUSE_HAL_DRIVER -DSTM32H743xx -I"D:/ws/ZEABUS-STM32-DSP/ZEABUS-STM32-DSP/Inc" -I"D:/ws/ZEABUS-STM32-DSP/ZEABUS-STM32-DSP/Drivers/STM32H7xx_HAL_Driver/Inc" -I"D:/ws/ZEABUS-STM32-DSP/ZEABUS-STM32-DSP/Drivers/STM32H7xx_HAL_Driver/Inc/Legacy" -I"D:/ws/ZEABUS-STM32-DSP/ZEABUS-STM32-DSP/Drivers/CMSIS/Device/ST/STM32H7xx/Include" -I"D:/ws/ZEABUS-STM32-DSP/ZEABUS-STM32-DSP/Drivers/CMSIS/Include"  -Og -g3 -Wall -fmessage-length=0 -ffunction-sections -c -fmessage-length=0 -MMD -MP -MF"Src/stm32h7xx_it.d" -MT"Src/stm32h7xx_it.o" -o "Src/stm32h7xx_it.o" "../Src/stm32h7xx_it.c"
Finished building: ../Src/stm32h7xx_it.c
 
Building file: ../Src/system_stm32h7xx.c
Invoking: MCU GCC Compiler
D:\ws\ZEABUS-STM32-DSP\ZEABUS-STM32-DSP\Debug
[...]
Finished building: ../Drivers/STM32H7xx_HAL_Driver/Src/stm32h7xx_hal_flash.c
 
Building file: ../Drivers/STM32H7xx_HAL_Driver/Src/stm32h7xx_hal_flash_ex.c
Invoking: MCU GCC Compiler
D:\ws\ZEABUS-STM32-DSP\ZEABUS-STM32-DSP\Debug
arm-none-eabi-gcc -mcpu=cortex-m7 -mthumb -mfloat-abi=hard -mfpu=fpv5-d16 '-D__weak=__attribute__((weak))' '-D__packed=__attribute__((__packed__))' -DUSE_HAL_DRIVER -DSTM32H743xx -I"D:/ws/ZEABUS-STM32-DSP/ZEABUS-STM32-DSP/Inc" -I"D:/ws/ZEABUS-STM32-DSP/ZEABUS-STM32-DSP/Drivers/STM32H7xx_HAL_Driver/Inc" -I"D:/ws/ZEABUS-STM32-DSP/ZEABUS-STM32-DSP/Drivers/STM32H7xx_HAL_Driver/Inc/Legacy" -I"D:/ws/ZEABUS-STM32-DSP/ZEABUS-STM32-DSP/Drivers/CMSIS/Device/ST/STM32H7xx/Include" -I"D:/ws/ZEABUS-STM32-DSP/ZEABUS-STM32-DSP/Drivers/CMSIS/Include"  -Og -g3 -Wall -fmessage-length=0 -ffunction-sections -c -fmessage-length=0 -MMD -MP -MF"Drivers/STM32H7xx_HAL_Driver/Src/stm32h7xx_hal_flash_ex.d" -MT"Drivers/STM32H7xx_HAL_Driver/Src/stm32h7xx_hal_flash_ex.o" -o "Drivers/STM32H7xx_HAL_Driver/Src/stm32h7xx_hal_flash_ex.o" "../Drivers/STM32H7xx_HAL_Driver/Src/stm32h7xx_hal_flash_ex.c"
Finished building: ../Drivers/STM32H7xx_HAL_Driver/Src/stm32h7xx_hal_flash_ex.c
 
Building file: ../Drivers/STM32H7xx_HAL_Driver/Src/stm32h7xx_hal_gpio.c
Invoking: MCU GCC Compiler
D:\ws\ZEABUS-STM32-DSP\ZEABUS-STM32-DSP\Debug
arm-none-eabi-gcc -mcpu=cortex-m7 -mthumb -mfloat-abi=hard -mfpu=fpv5-d16 '-D__weak=__attribute__((weak))' '-D__packed=__attribute__((__packed__))' -DUSE_HAL_DRIVER -DSTM32H743xx -I"D:/ws/ZEABUS-STM32-DSP/ZEABUS-STM32-DSP/Inc" -I"D:/ws/ZEABUS-STM32-DSP/ZEABUS-STM32-DSP/Drivers/STM32H7xx_HAL_Driver/Inc" -I"D:/ws/ZEABUS-STM32-DSP/ZEABUS-STM32-DSP/Drivers/STM32H7xx_HAL_Driver/Inc/Legacy" -I"D:/ws/ZEABUS-STM32-DSP/ZEABUS-STM32-DSP/Drivers/CMSIS/Device/ST/STM32H7xx/Include" -I"D:/ws/ZEABUS-STM32-DSP/ZEABUS-STM32-DSP/Drivers/CMSIS/Include"  -Og -g3 -Wall -fmessage-length=0 -ffunction-sections -c -fmessage-length=0 -MMD -MP -MF"Drivers/STM32H7xx_HAL_Driver/Src/stm32h7xx_hal_gpio.d" -MT"Drivers/STM32H7xx_HAL_Driver/Src/stm32h7xx_hal_gpio.o" -o "Drivers/STM32H7xx_HAL_Driver/Src/stm32h7xx_hal_gpio.o" "../Drivers/STM32H7xx_HAL_Driver/Src/stm32h7xx_hal_gpio.c"
Finished building: ../Drivers/STM32H7xx_HAL_Driver/Src/stm32h7xx_hal_gpio.c
 
Building file: ../Drivers/STM32H7xx_HAL_Driver/Src/stm32h7xx_hal_hsem.c
Invoking: MCU GCC Compiler
D:\ws\ZEABUS-STM32-DSP\ZEABUS-STM32-DSP\Debug
arm-none-eabi-gcc -mcpu=cortex-m7 -mthumb -mfloat-abi=hard -mfpu=fpv5-d16 '-D__weak=__attribute__((weak))' '-D__packed=__attribute__((__packed__))' -DUSE_HAL_DRIVER -DSTM32H743xx -I"D:/ws/ZEABUS-STM32-DSP/ZEABUS-STM32-DSP/Inc" -I"D:/ws/ZEABUS-STM32-DSP/ZEABUS-STM32-DSP/Drivers/STM32H7xx_HAL_Driver/Inc" -I"D:/ws/ZEABUS-STM32-DSP/ZEABUS-STM32-DSP/Drivers/STM32H7xx_HAL_Driver/Inc/Legacy" -I"D:/ws/ZEABUS-STM32-DSP/ZEABUS-STM32-DSP/Drivers/CMSIS/Device/ST/STM32H7xx/Include" -I"D:/ws/ZEABUS-STM32-DSP/ZEABUS-STM32-DSP/Drivers/CMSIS/Include"  -Og -g3 -Wall -fmessage-length=0 -ffunction-sections -c -fmessage-length=0 -MMD -MP -MF"Drivers/STM32H7xx_HAL_Driver/Src/stm32h7xx_hal_hsem.d" -MT"Drivers/STM32H7xx_HAL_Driver/Src/stm32h7xx_hal_hsem.o" -o "Drivers/STM32H7xx_HAL_Driver/Src/stm32h7xx_hal_hsem.o" "../Drivers/STM32H7xx_HAL_Driver/Src/stm32h7xx_hal_hsem.c"
Finished building: ../Drivers/STM32H7xx_HAL_Driver/Src/stm32h7xx_hal_hsem.c
 
Building file: ../Drivers/STM32H7xx_HAL_Driver/Src/stm32h7xx_hal_i2c.c
Invoking: MCU GCC Compiler
D:\ws\ZEABUS-STM32-DSP\ZEABUS-STM32-DSP\Debug
arm-none-eabi-gcc -mcpu=cortex-m7 -mthumb -mfloat-abi=hard -mfpu=fpv5-d16 '-D__weak=__attribute__((weak))' '-D__packed=__attribute__((__packed__))' -DUSE_HAL_DRIVER -DSTM32H743xx -I"D:/ws/ZEABUS-STM32-DSP/ZEABUS-STM32-DSP/Inc" -I"D:/ws/ZEABUS-STM32-DSP/ZEABUS-STM32-DSP/Drivers/STM32H7xx_HAL_Driver/Inc" -I"D:/ws/ZEABUS-STM32-DSP/ZEABUS-STM32-DSP/Drivers/STM32H7xx_HAL_Driver/Inc/Legacy" -I"D:/ws/ZEABUS-STM32-DSP/ZEABUS-STM32-DSP/Drivers/CMSIS/Device/ST/STM32H7xx/Include" -I"D:/ws/ZEABUS-STM32-DSP/ZEABUS-STM32-DSP/Drivers/CMSIS/Include"  -Og -g3 -Wall -fmessage-length=0 -ffunction-sections -c -fmessage-length=0 -MMD -MP -MF"Drivers/STM32H7xx_HAL_Driver/Src/stm32h7xx_hal_i2c.d" -MT"Drivers/STM32H7xx_HAL_Driver/Src/stm32h7xx_hal_i2c.o" -o "Drivers/STM32H7xx_HAL_Driver/Src/stm32h7xx_hal_i2c.o" "../Drivers/STM32H7xx_HAL_Driver/Src/stm32h7xx_hal_i2c.c"
Finished building: ../Drivers/STM32H7xx_HAL_Driver/Src/stm32h7xx_hal_i2c.c
 
Building file: ../Drivers/STM32H7xx_HAL_Driver/Src/stm32h7xx_hal_i2c_ex.c
Invoking: MCU GCC Compiler
D:\ws\ZEABUS-STM32-DSP\ZEABUS-STM32-DSP\Debug
arm-none-eabi-gcc -mcpu=cortex-m7 -mthumb -mfloat-abi=hard -mfpu=fpv5-d16 '-D__weak=__attribute__((weak))' '-D__packed=__attribute__((__packed__))' -DUSE_HAL_DRIVER -DSTM32H743xx -I"D:/ws/ZEABUS-STM32-DSP/ZEABUS-STM32-DSP/Inc" -I"D:/ws/ZEABUS-STM32-DSP/ZEABUS-STM32-DSP/Drivers/STM32H7xx_HAL_Driver/Inc" -I"D:/ws/ZEABUS-STM32-DSP/ZEABUS-STM32-DSP/Drivers/STM32H7xx_HAL_Driver/Inc/Legacy" -I"D:/ws/ZEABUS-STM32-DSP/ZEABUS-STM32-DSP/Drivers/CMSIS/Device/ST/STM32H7xx/Include" -I"D:/ws/ZEABUS-STM32-DSP/ZEABUS-STM32-DSP/Drivers/CMSIS/Include"  -Og -g3 -Wall -fmessage-length=0 -ffunction-sections -c -fmessage-length=0 -MMD -MP -MF"Drivers/STM32H7xx_HAL_Driver/Src/stm32h7xx_hal_i2c_ex.d" -MT"Drivers/STM32H7xx_HAL_Driver/Src/stm32h7xx_hal_i2c_ex.o" -o "Drivers/STM32H7xx_HAL_Driver/Src/stm32h7xx_hal_i2c_ex.o" "../Drivers/STM32H7xx_HAL_Driver/Src/stm32h7xx_hal_i2c_ex.c"
Finished building: ../Drivers/STM32H7xx_HAL_Driver/Src/stm32h7xx_hal_i2c_ex.c
 
Building file: ../Drivers/STM32H7xx_HAL_Driver/Src/stm32h7xx_hal_mdma.c
Invoking: MCU GCC Compiler
D:\ws\ZEABUS-STM32-DSP\ZEABUS-STM32-DSP\Debug
arm-none-eabi-gcc -mcpu=cortex-m7 -mthumb -mfloat-abi=hard -mfpu=fpv5-d16 '-D__weak=__attribute__((weak))' '-D__packed=__attribute__((__packed__))' -DUSE_HAL_DRIVER -DSTM32H743xx -I"D:/ws/ZEABUS-STM32-DSP/ZEABUS-STM32-DSP/Inc" -I"D:/ws/ZEABUS-STM32-DSP/ZEABUS-STM32-DSP/Drivers/STM32H7xx_HAL_Driver/Inc" -I"D:/ws/ZEABUS-STM32-DSP/ZEABUS-STM32-DSP/Drivers/STM32H7xx_HAL_Driver/Inc/Legacy" -I"D:/ws/ZEABUS-STM32-DSP/ZEABUS-STM32-DSP/Drivers/CMSIS/Device/ST/STM32H7xx/Include" -I"D:/ws/ZEABUS-STM32-DSP/ZEABUS-STM32-DSP/Drivers/CMSIS/Include"  -Og -g3 -Wall -fmessage-length=0 -ffunction-sections -c -fmessage-length=0 -MMD -MP -MF"Drivers/STM32H7xx_HAL_Driver/Src/stm32h7xx_hal_mdma.d" -MT"Drivers/STM32H7xx_HAL_Driver/Src/stm32h7xx_hal_mdma.o" -o "Drivers/STM32H7xx_HAL_Driver/Src/stm32h7xx_hal_mdma.o" "../Drivers/STM32H7xx_HAL_Driver/Src/stm32h7xx_hal_mdma.c"
Finished building: ../Drivers/STM32H7xx_HAL_Driver/Src/stm32h7xx_hal_mdma.c
 
Building file: ../Drivers/STM32H7xx_HAL_Driver/Src/stm32h7xx_hal_pcd.c
Invoking: MCU GCC Compiler
D:\ws\ZEABUS-STM32-DSP\ZEABUS-STM32-DSP\Debug
arm-none-eabi-gcc -mcpu=cortex-m7 -mthumb -mfloat-abi=hard -mfpu=fpv5-d16 '-D__weak=__attribute__((weak))' '-D__packed=__attribute__((__packed__))' -DUSE_HAL_DRIVER -DSTM32H743xx -I"D:/ws/ZEABUS-STM32-DSP/ZEABUS-STM32-DSP/Inc" -I"D:/ws/ZEABUS-STM32-DSP/ZEABUS-STM32-DSP/Drivers/STM32H7xx_HAL_Driver/Inc" -I"D:/ws/ZEABUS-STM32-DSP/ZEABUS-STM32-DSP/Drivers/STM32H7xx_HAL_Driver/Inc/Legacy" -I"D:/ws/ZEABUS-STM32-DSP/ZEABUS-STM32-DSP/Drivers/CMSIS/Device/ST/STM32H7xx/Include" -I"D:/ws/ZEABUS-STM32-DSP/ZEABUS-STM32-DSP/Drivers/CMSIS/Include"  -Og -g3 -Wall -fmessage-length=0 -ffunction-sections -c -fmessage-length=0 -MMD -MP -MF"Drivers/STM32H7xx_HAL_Driver/Src/stm32h7xx_hal_pcd.d" -MT"Drivers/STM32H7xx_HAL_Driver/Src/stm32h7xx_hal_pcd.o" -o "Drivers/STM32H7xx_HAL_Driver/Src/stm32h7xx_hal_pcd.o" "../Drivers/STM32H7xx_HAL_Driver/Src/stm32h7xx_hal_pcd.c"
Finished building: ../Drivers/STM32H7xx_HAL_Driver/Src/stm32h7xx_hal_pcd.c
 
Building file: ../Drivers/STM32H7xx_HAL_Driver/Src/stm32h7xx_hal_pcd_ex.c
Invoking: MCU GCC Compiler
D:\ws\ZEABUS-STM32-DSP\ZEABUS-STM32-DSP\Debug
arm-none-eabi-gcc -mcpu=cortex-m7 -mthumb -mfloat-abi=hard -mfpu=fpv5-d16 '-D__weak=__attribute__((weak))' '-D__packed=__attribute__((__packed__))' -DUSE_HAL_DRIVER -DSTM32H743xx -I"D:/ws/ZEABUS-STM32-DSP/ZEABUS-STM32-DSP/Inc" -I"D:/ws/ZEABUS-STM32-DSP/ZEABUS-STM32-DSP/Drivers/STM32H7xx_HAL_Driver/Inc" -I"D:/ws/ZEABUS-STM32-DSP/ZEABUS-STM32-DSP/Drivers/STM32H7xx_HAL_Driver/Inc/Legacy" -I"D:/ws/ZEABUS-STM32-DSP/ZEABUS-STM32-DSP/Drivers/CMSIS/Device/ST/STM32H7xx/Include" -I"D:/ws/ZEABUS-STM32-DSP/ZEABUS-STM32-DSP/Drivers/CMSIS/Include"  -Og -g3 -Wall -fmessage-length=0 -ffunction-sections -c -fmessage-length=0 -MMD -MP -MF"Drivers/STM32H7xx_HAL_Driver/Src/stm32h7xx_hal_pcd_ex.d" -MT"Drivers/STM32H7xx_HAL_Driver/Src/stm32h7xx_hal_pcd_ex.o" -o "Drivers/STM32H7xx_HAL_Driver/Src/stm32h7xx_hal_pcd_ex.o" "../Drivers/STM32H7xx_HAL_Driver/Src/stm32h7xx_hal_pcd_ex.c"
Finished building: ../Drivers/STM32H7xx_HAL_Driver/Src/stm32h7xx_hal_pcd_ex.c
 
Building file: ../Drivers/STM32H7xx_HAL_Driver/Src/stm32h7xx_hal_pwr.c
Invoking: MCU GCC Compiler
D:\ws\ZEABUS-STM32-DSP\ZEABUS-STM32-DSP\Debug
arm-none-eabi-gcc -mcpu=cortex-m7 -mthumb -mfloat-abi=hard -mfpu=fpv5-d16 '-D__weak=__attribute__((weak))' '-D__packed=__attribute__((__packed__))' -DUSE_HAL_DRIVER -DSTM32H743xx -I"D:/ws/ZEABUS-STM32-DSP/ZEABUS-STM32-DSP/Inc" -I"D:/ws/ZEABUS-STM32-DSP/ZEABUS-STM32-DSP/Drivers/STM32H7xx_HAL_Driver/Inc" -I"D:/ws/ZEABUS-STM32-DSP/ZEABUS-STM32-DSP/Drivers/STM32H7xx_HAL_Driver/Inc/Legacy" -I"D:/ws/ZEABUS-STM32-DSP/ZEABUS-STM32-DSP/Drivers/CMSIS/Device/ST/STM32H7xx/Include" -I"D:/ws/ZEABUS-STM32-DSP/ZEABUS-STM32-DSP/Drivers/CMSIS/Include"  -Og -g3 -Wall -fmessage-length=0 -ffunction-sections -c -fmessage-length=0 -MMD -MP -MF"Drivers/STM32H7xx_HAL_Driver/Src/stm32h7xx_hal_pwr.d" -MT"Drivers/STM32H7xx_HAL_Driver/Src/stm32h7xx_hal_pwr.o" -o "Drivers/STM32H7xx_HAL_Driver/Src/stm32h7xx_hal_pwr.o" "../Drivers/STM32H7xx_HAL_Driver/Src/stm32h7xx_hal_pwr.c"
Finished building: ../Drivers/STM32H7xx_HAL_Driver/Src/stm32h7xx_hal_pwr.c
 
Building file: ../Drivers/STM32H7xx_HAL_Driver/Src/stm32h7xx_hal_pwr_ex.c
Invoking: MCU GCC Compiler
D:\ws\ZEABUS-STM32-DSP\ZEABUS-STM32-DSP\Debug
arm-none-eabi-gcc -mcpu=cortex-m7 -mthumb -mfloat-abi=hard -mfpu=fpv5-d16 '-D__weak=__attribute__((weak))' '-D__packed=__attribute__((__packed__))' -DUSE_HAL_DRIVER -DSTM32H743xx -I"D:/ws/ZEABUS-STM32-DSP/ZEABUS-STM32-DSP/Inc" -I"D:/ws/ZEABUS-STM32-DSP/ZEABUS-STM32-DSP/Drivers/STM32H7xx_HAL_Driver/Inc" -I"D:/ws/ZEABUS-STM32-DSP/ZEABUS-STM32-DSP/Drivers/STM32H7xx_HAL_Driver/Inc/Legacy" -I"D:/ws/ZEABUS-STM32-DSP/ZEABUS-STM32-DSP/Drivers/CMSIS/Device/ST/STM32H7xx/Include" -I"D:/ws/ZEABUS-STM32-DSP/ZEABUS-STM32-DSP/Drivers/CMSIS/Include"  -Og -g3 -Wall -fmessage-length=0 -ffunction-sections -c -fmessage-length=0 -MMD -MP -MF"Drivers/STM32H7xx_HAL_Driver/Src/stm32h7xx_hal_pwr_ex.d" -MT"Drivers/STM32H7xx_HAL_Driver/Src/stm32h7xx_hal_pwr_ex.o" -o "Drivers/STM32H7xx_HAL_Driver/Src/stm32h7xx_hal_pwr_ex.o" "../Drivers/STM32H7xx_HAL_Driver/Src/stm32h7xx_hal_pwr_ex.c"
Finished building: ../Drivers/STM32H7xx_HAL_Driver/Src/stm32h7xx_hal_pwr_ex.c
 
Building file: ../Drivers/STM32H7xx_HAL_Driver/Src/stm32h7xx_hal_rcc.c
Invoking: MCU GCC Compiler
D:\ws\ZEABUS-STM32-DSP\ZEABUS-STM32-DSP\Debug
arm-none-eabi-gcc -mcpu=cortex-m7 -mthumb -mfloat-abi=hard -mfpu=fpv5-d16 '-D__weak=__attribute__((weak))' '-D__packed=__attribute__((__packed__))' -DUSE_HAL_DRIVER -DSTM32H743xx -I"D:/ws/ZEABUS-STM32-DSP/ZEABUS-STM32-DSP/Inc" -I"D:/ws/ZEABUS-STM32-DSP/ZEABUS-STM32-DSP/Drivers/STM32H7xx_HAL_Driver/Inc" -I"D:/ws/ZEABUS-STM32-DSP/ZEABUS-STM32-DSP/Drivers/STM32H7xx_HAL_Driver/Inc/Legacy" -I"D:/ws/ZEABUS-STM32-DSP/ZEABUS-STM32-DSP/Drivers/CMSIS/Device/ST/STM32H7xx/Include" -I"D:/ws/ZEABUS-STM32-DSP/ZEABUS-STM32-DSP/Drivers/CMSIS/Include"  -Og -g3 -Wall -fmessage-length=0 -ffunction-sections -c -fmessage-length=0 -MMD -MP -MF"Drivers/STM32H7xx_HAL_Driver/Src/stm32h7xx_hal_rcc.d" -MT"Drivers/STM32H7xx_HAL_Driver/Src/stm32h7xx_hal_rcc.o" -o "Drivers/STM32H7xx_HAL_Driver/Src/stm32h7xx_hal_rcc.o" "../Drivers/STM32H7xx_HAL_Driver/Src/stm32h7xx_hal_rcc.c"
Finished building: ../Drivers/STM32H7xx_HAL_Driver/Src/stm32h7xx_hal_rcc.c
 
Building file: ../Drivers/STM32H7xx_HAL_Driver/Src/stm32h7xx_hal_rcc_ex.c
Invoking: MCU GCC Compiler
D:\ws\ZEABUS-STM32-DSP\ZEABUS-STM32-DSP\Debug
arm-none-eabi-gcc -mcpu=cortex-m7 -mthumb -mfloat-abi=hard -mfpu=fpv5-d16 '-D__weak=__attribute__((weak))' '-D__packed=__attribute__((__packed__))' -DUSE_HAL_DRIVER -DSTM32H743xx -I"D:/ws/ZEABUS-STM32-DSP/ZEABUS-STM32-DSP/Inc" -I"D:/ws/ZEABUS-STM32-DSP/ZEABUS-STM32-DSP/Drivers/STM32H7xx_HAL_Driver/Inc" -I"D:/ws/ZEABUS-STM32-DSP/ZEABUS-STM32-DSP/Drivers/STM32H7xx_HAL_Driver/Inc/Legacy" -I"D:/ws/ZEABUS-STM32-DSP/ZEABUS-STM32-DSP/Drivers/CMSIS/Device/ST/STM32H7xx/Include" -I"D:/ws/ZEABUS-STM32-DSP/ZEABUS-STM32-DSP/Drivers/CMSIS/Include"  -Og -g3 -Wall -fmessage-length=0 -ffunction-sections -c -fmessage-length=0 -MMD -MP -MF"Drivers/STM32H7xx_HAL_Driver/Src/stm32h7xx_hal_rcc_ex.d" -MT"Drivers/STM32H7xx_HAL_Driver/Src/stm32h7xx_hal_rcc_ex.o" -o "Drivers/STM32H7xx_HAL_Driver/Src/stm32h7xx_hal_rcc_ex.o" "../Drivers/STM32H7xx_HAL_Driver/Src/stm32h7xx_hal_rcc_ex.c"
Finished building: ../Drivers/STM32H7xx_HAL_Driver/Src/stm32h7xx_hal_rcc_ex.c
 
Building file: ../Drivers/STM32H7xx_HAL_Driver/Src/stm32h7xx_hal_tim.c
Invoking: MCU GCC Compiler
D:\ws\ZEABUS-STM32-DSP\ZEABUS-STM32-DSP\Debug
arm-none-eabi-gcc -mcpu=cortex-m7 -mthumb -mfloat-abi=hard -mfpu=fpv5-d16 '-D__weak=__attribute__((weak))' '-D__packed=__attribute__((__packed__))' -DUSE_HAL_DRIVER -DSTM32H743xx -I"D:/ws/ZEABUS-STM32-DSP/ZEABUS-STM32-DSP/Inc" -I"D:/ws/ZEABUS-STM32-DSP/ZEABUS-STM32-DSP/Drivers/STM32H7xx_HAL_Driver/Inc" -I"D:/ws/ZEABUS-STM32-DSP/ZEABUS-STM32-DSP/Drivers/STM32H7xx_HAL_Driver/Inc/Legacy" -I"D:/ws/ZEABUS-STM32-DSP/ZEABUS-STM32-DSP/Drivers/CMSIS/Device/ST/STM32H7xx/Include" -I"D:/ws/ZEABUS-STM32-DSP/ZEABUS-STM32-DSP/Drivers/CMSIS/Include"  -Og -g3 -Wall -fmessage-length=0 -ffunction-sections -c -fmessage-length=0 -MMD -MP -MF"Drivers/STM32H7xx_HAL_Driver/Src/stm32h7xx_hal_tim.d" -MT"Drivers/STM32H7xx_HAL_Driver/Src/stm32h7xx_hal_tim.o" -o "Drivers/STM32H7xx_HAL_Driver/Src/stm32h7xx_hal_tim.o" "../Drivers/STM32H7xx_HAL_Driver/Src/stm32h7xx_hal_tim.c"
Finished building: ../Drivers/STM32H7xx_HAL_Driver/Src/stm32h7xx_hal_tim.c
 
Building file: ../Drivers/STM32H7xx_HAL_Driver/Src/stm32h7xx_hal_tim_ex.c
Invoking: MCU GCC Compiler
D:\ws\ZEABUS-STM32-DSP\ZEABUS-STM32-DSP\Debug
arm-none-eabi-gcc -mcpu=cortex-m7 -mthumb -mfloat-abi=hard -mfpu=fpv5-d16 '-D__weak=__attribute__((weak))' '-D__packed=__attribute__((__packed__))' -DUSE_HAL_DRIVER -DSTM32H743xx -I"D:/ws/ZEABUS-STM32-DSP/ZEABUS-STM32-DSP/Inc" -I"D:/ws/ZEABUS-STM32-DSP/ZEABUS-STM32-DSP/Drivers/STM32H7xx_HAL_Driver/Inc" -I"D:/ws/ZEABUS-STM32-DSP/ZEABUS-STM32-DSP/Drivers/STM32H7xx_HAL_Driver/Inc/Legacy" -I"D:/ws/ZEABUS-STM32-DSP/ZEABUS-STM32-DSP/Drivers/CMSIS/Device/ST/STM32H7xx/Include" -I"D:/ws/ZEABUS-STM32-DSP/ZEABUS-STM32-DSP/Drivers/CMSIS/Include"  -Og -g3 -Wall -fmessage-length=0 -ffunction-sections -c -fmessage-length=0 -MMD -MP -MF"Drivers/STM32H7xx_HAL_Driver/Src/stm32h7xx_hal_tim_ex.d" -MT"Drivers/STM32H7xx_HAL_Driver/Src/stm32h7xx_hal_tim_ex.o" -o "Drivers/STM32H7xx_HAL_Driver/Src/stm32h7xx_hal_tim_ex.o" "../Drivers/STM32H7xx_HAL_Driver/Src/stm32h7xx_hal_tim_ex.c"
Finished building: ../Drivers/STM32H7xx_HAL_Driver/Src/stm32h7xx_hal_tim_ex.c
 
Building file: ../Drivers/STM32H7xx_HAL_Driver/Src/stm32h7xx_hal_uart.c
Invoking: MCU GCC Compiler
D:\ws\ZEABUS-STM32-DSP\ZEABUS-STM32-DSP\Debug
arm-none-eabi-gcc -mcpu=cortex-m7 -mthumb -mfloat-abi=hard -mfpu=fpv5-d16 '-D__weak=__attribute__((weak))' '-D__packed=__attribute__((__packed__))' -DUSE_HAL_DRIVER -DSTM32H743xx -I"D:/ws/ZEABUS-STM32-DSP/ZEABUS-STM32-DSP/Inc" -I"D:/ws/ZEABUS-STM32-DSP/ZEABUS-STM32-DSP/Drivers/STM32H7xx_HAL_Driver/Inc" -I"D:/ws/ZEABUS-STM32-DSP/ZEABUS-STM32-DSP/Drivers/STM32H7xx_HAL_Driver/Inc/Legacy" -I"D:/ws/ZEABUS-STM32-DSP/ZEABUS-STM32-DSP/Drivers/CMSIS/Device/ST/STM32H7xx/Include" -I"D:/ws/ZEABUS-STM32-DSP/ZEABUS-STM32-DSP/Drivers/CMSIS/Include"  -Og -g3 -Wall -fmessage-length=0 -ffunction-sections -c -fmessage-length=0 -MMD -MP -MF"Drivers/STM32H7xx_HAL_Driver/Src/stm32h7xx_hal_uart.d" -MT"Drivers/STM32H7xx_HAL_Driver/Src/stm32h7xx_hal_uart.o" -o "Drivers/STM32H7xx_HAL_Driver/Src/stm32h7xx_hal_uart.o" "../Drivers/STM32H7xx_HAL_Driver/Src/stm32h7xx_hal_uart.c"
Finished building: ../Drivers/STM32H7xx_HAL_Driver/Src/stm32h7xx_hal_uart.c
 
Building file: ../Drivers/STM32H7xx_HAL_Driver/Src/stm32h7xx_hal_uart_ex.c
Invoking: MCU GCC Compiler
D:\ws\ZEABUS-STM32-DSP\ZEABUS-STM32-DSP\Debug
arm-none-eabi-gcc -mcpu=cortex-m7 -mthumb -mfloat-abi=hard -mfpu=fpv5-d16 '-D__weak=__attribute__((weak))' '-D__packed=__attribute__((__packed__))' -DUSE_HAL_DRIVER -DSTM32H743xx -I"D:/ws/ZEABUS-STM32-DSP/ZEABUS-STM32-DSP/Inc" -I"D:/ws/ZEABUS-STM32-DSP/ZEABUS-STM32-DSP/Drivers/STM32H7xx_HAL_Driver/Inc" -I"D:/ws/ZEABUS-STM32-DSP/ZEABUS-STM32-DSP/Drivers/STM32H7xx_HAL_Driver/Inc/Legacy" -I"D:/ws/ZEABUS-STM32-DSP/ZEABUS-STM32-DSP/Drivers/CMSIS/Device/ST/STM32H7xx/Include" -I"D:/ws/ZEABUS-STM32-DSP/ZEABUS-STM32-DSP/Drivers/CMSIS/Include"  -Og -g3 -Wall -fmessage-length=0 -ffunction-sections -c -fmessage-length=0 -MMD -MP -MF"Drivers/STM32H7xx_HAL_Driver/Src/stm32h7xx_hal_uart_ex.d" -MT"Drivers/STM32H7xx_HAL_Driver/Src/stm32h7xx_hal_uart_ex.o" -o "Drivers/STM32H7xx_HAL_Driver/Src/stm32h7xx_hal_uart_ex.o" "../Drivers/STM32H7xx_HAL_Driver/Src/stm32h7xx_hal_uart_ex.c"
Finished building: ../Drivers/STM32H7xx_HAL_Driver/Src/stm32h7xx_hal_uart_ex.c
 
Building file: ../Drivers/STM32H7xx_HAL_Driver/Src/stm32h7xx_ll_usb.c
Invoking: MCU GCC Compiler
D:\ws\ZEABUS-STM32-DSP\ZEABUS-STM32-DSP\Debug
arm-none-eabi-gcc -mcpu=cortex-m7 -mthumb -mfloat-abi=hard -mfpu=fpv5-d16 '-D__weak=__attribute__((weak))' '-D__packed=__attribute__((__packed__))' -DUSE_HAL_DRIVER -DSTM32H743xx -I"D:/ws/ZEABUS-STM32-DSP/ZEABUS-STM32-DSP/Inc" -I"D:/ws/ZEABUS-STM32-DSP/ZEABUS-STM32-DSP/Drivers/STM32H7xx_HAL_Driver/Inc" -I"D:/ws/ZEABUS-STM32-DSP/ZEABUS-STM32-DSP/Drivers/STM32H7xx_HAL_Driver/Inc/Legacy" -I"D:/ws/ZEABUS-STM32-DSP/ZEABUS-STM32-DSP/Drivers/CMSIS/Device/ST/STM32H7xx/Include" -I"D:/ws/ZEABUS-STM32-DSP/ZEABUS-STM32-DSP/Drivers/CMSIS/Include"  -Og -g3 -Wall -fmessage-length=0 -ffunction-sections -c -fmessage-length=0 -MMD -MP -MF"Drivers/STM32H7xx_HAL_Driver/Src/stm32h7xx_ll_usb.d" -MT"Drivers/STM32H7xx_HAL_Driver/Src/stm32h7xx_ll_usb.o" -o "Drivers/STM32H7xx_HAL_Driver/Src/stm32h7xx_ll_usb.o" "../Drivers/STM32H7xx_HAL_Driver/Src/stm32h7xx_ll_usb.c"
Finished building: ../Drivers/STM32H7xx_HAL_Driver/Src/stm32h7xx_ll_usb.c
 
Building target: ZEABUS-STM32-DSP.elf
Invoking: MCU GCC Linker
arm-none-eabi-gcc -mcpu=cortex-m7 -mthumb -mfloat-abi=hard -mfpu=fpv5-d16 -specs=nosys.specs -specs=nano.specs -T"../STM32H743ZITx_FLASH.ld" -Wl,-Map=output.map -Wl,--gc-sections -o "ZEABUS-STM32-DSP.elf" @"objects.list"   -lm
Finished building target: ZEABUS-STM32-DSP.elf
 
make --no-print-directory post-build
Generating binary and Printing size information:
arm-none-eabi-objcopy -O binary "ZEABUS-STM32-DSP.elf" "ZEABUS-STM32-DSP.bin"
arm-none-eabi-size "ZEABUS-STM32-DSP.elf"
   text	   data	    bss	    dec	    hex	filename
  23800	     40	  19704	  43544	   aa18	ZEABUS-STM32-DSP.elf
 
19:41:39 **** Incremental Build of configuration Debug for project ZEABUS-STM32-DSP ****
make all 
make: Nothing to be done for 'all'.
